******************************************************************************
             TMS320C2000 Linker PC v6.4.2                      
******************************************************************************
>> Linked Wed Aug 19 10:13:41 2015

OUTPUT FILE NAME:   <MPU6050.out>
ENTRY POINT SYMBOL: "_c_int00"  address: 003f0ebf


MEMORY CONFIGURATION

         name            origin    length      used     unused   attr    fill
----------------------  --------  ---------  --------  --------  ----  --------
PAGE 0:
  PRAML0                00008000   00000800  0000001f  000007e1  RWIX
  OTP                   003d7800   00000400  00000000  00000400  RWIX
  FLASHA                003f0000   00007f80  000013bf  00006bc1  RWIX
  CSM_RSVD              003f7f80   00000076  00000076  00000000  RWIX
  BEGIN                 003f7ff6   00000002  00000002  00000000  RWIX
  CSM_PWL_P0            003f7ff8   00000008  00000008  00000000  RWIX
  IQTABLES              003fe000   00000b50  00000000  00000b50  RWIX
  IQTABLES2             003feb50   0000008c  00000000  0000008c  RWIX
  IQTABLES3             003febdc   000000aa  00000000  000000aa  RWIX
  ROM                   003ff27c   00000d44  00000000  00000d44  RWIX
  RESET                 003fffc0   00000002  00000000  00000002  RWIX
  VECTORS               003fffc2   0000003e  00000000  0000003e  RWIX

PAGE 1:
  BOOT_RSVD             00000000   00000050  00000000  00000050  RWIX
  RAMM0                 00000050   000003b0  00000300  000000b0  RWIX
  RAMM1                 00000400   00000400  00000000  00000400  RWIX
  DEV_EMU               00000880   00000105  00000004  00000101  RWIX
  SYS_PWR_CTL           00000985   00000003  00000003  00000000  RWIX
  FLASH_REGS            00000a80   00000060  00000008  00000058  RWIX
  CSM                   00000ae0   00000010  00000010  00000000  RWIX
  ADC_RESULT            00000b00   00000020  00000020  00000000  RWIX
  CPU_TIMER0            00000c00   00000008  00000008  00000000  RWIX
  CPU_TIMER1            00000c08   00000008  00000008  00000000  RWIX
  CPU_TIMER2            00000c10   00000008  00000008  00000000  RWIX
  PIE_CTRL              00000ce0   00000020  0000001a  00000006  RWIX
  PIE_VECT              00000d00   00000100  00000100  00000000  RWIX
  COMP1                 00006400   00000020  00000011  0000000f  RWIX
  COMP2                 00006420   00000020  00000011  0000000f  RWIX
  EPWM1                 00006800   00000040  00000040  00000000  RWIX
  EPWM2                 00006840   00000040  00000040  00000000  RWIX
  EPWM3                 00006880   00000040  00000040  00000000  RWIX
  EPWM4                 000068c0   00000040  00000040  00000000  RWIX
  ECAP1                 00006a00   00000020  00000020  00000000  RWIX
  GPIOCTRL              00006f80   00000040  00000040  00000000  RWIX
  GPIODAT               00006fc0   00000020  00000020  00000000  RWIX
  GPIOINT               00006fe0   00000020  0000000a  00000016  RWIX
  SYSTEM                00007010   00000020  0000001f  00000001  RWIX
  SPIA                  00007040   00000010  00000010  00000000  RWIX
  SCIA                  00007050   00000010  00000010  00000000  RWIX
  NMIINTRUPT            00007060   00000010  00000010  00000000  RWIX
  XINTRUPT              00007070   00000010  00000010  00000000  RWIX
  ADC                   00007100   00000080  00000051  0000002f  RWIX
  I2CA                  00007900   00000040  00000022  0000001e  RWIX
  DRAML0                00008800   00000800  000002fe  00000502  RWIX
  PARTID                003d7fff   00000001  00000001  00000000  RWIX
  CSM_PWL               003f7ff8   00000008  00000008  00000000  RWIX


SECTION ALLOCATION MAP

 output                                  attributes/
section   page    origin      length       input sections
--------  ----  ----------  ----------   ----------------
.text      0    003f0000    000010b3     
                  003f0000    00000430     main.obj (.text)
                  003f0430    00000207     DSP2802x_Adc.obj (.text)
                  003f0637    00000169     epwm.obj (.text)
                  003f07a0    00000130     DSP2802x_SysCtrl.obj (.text)
                  003f08d0    000000ff     DSP2802x_DefaultIsr.obj (.text:retain)
                  003f09cf    000000b3     i2c.obj (.text)
                  003f0a82    0000008a     timer.obj (.text:retain)
                  003f0b0c    00000083     rts2800_ml.lib : fs_div.obj (.text)
                  003f0b8f    00000082     uart.obj (.text)
                  003f0c11    00000081     DSP2802x_EPwm.obj (.text)
                  003f0c92    00000078     rts2800_ml.lib : fs_add.obj (.text)
                  003f0d0a    00000072     DSP2802x_CpuTimers.obj (.text)
                  003f0d7c    0000005a     rts2800_ml.lib : fs_mpy.obj (.text)
                  003f0dd6    00000053     Adc.obj (.text)
                  003f0e29    00000051     timer.obj (.text)
                  003f0e7a    00000045     XInt.obj (.text:retain)
                  003f0ebf    00000044     rts2800_ml.lib : boot.obj (.text)
                  003f0f03    00000029     XInt.obj (.text)
                  003f0f2c    00000029     rts2800_ml.lib : fs_tol.obj (.text)
                  003f0f55    00000028     DSP2802x_PieCtrl.obj (.text)
                  003f0f7d    00000028     DSP2802x_PieVect.obj (.text)
                  003f0fa5    00000025     rts2800_ml.lib : fs_toi.obj (.text)
                  003f0fca    00000022                    : i_div.obj (.text)
                  003f0fec    0000001a     DSP2802x_Sci.obj (.text)
                  003f1006    0000001a     rts2800_ml.lib : i_tofs.obj (.text)
                  003f1020    00000019                    : args_main.obj (.text)
                  003f1039    00000019                    : exit.obj (.text)
                  003f1052    00000017     DSP2802x_I2C.obj (.text)
                  003f1069    00000017     rts2800_ml.lib : fs_cmp.obj (.text)
                  003f1080    00000015     DSP2802x_MemCopy.obj (.text)
                  003f1095    0000000d     Adc.obj (.text:retain)
                  003f10a2    00000009     rts2800_ml.lib : _lock.obj (.text)
                  003f10ab    00000008     DSP2802x_CodeStartBranch.obj (.text)

ramfuncs   0    003f10b3    0000001f     RUN ADDR = 00008000
                  003f10b3    0000001b     DSP2802x_SysCtrl.obj (ramfuncs)
                  003f10ce    00000004     DSP2802x_usDelay.obj (ramfuncs)

.econst    0    003f10d2    0000019d     
                  003f10d2    00000100     DSP2802x_PieVect.obj (.econst)
                  003f11d2    0000009d     main.obj (.econst:.string)

.cinit     0    003f126f    00000150     
                  003f126f    000000ec     main.obj (.cinit)
                  003f135b    0000003e     motion.obj (.cinit)
                  003f1399    0000000a     rts2800_ml.lib : exit.obj (.cinit)
                  003f13a3    00000008     Adc.obj (.cinit)
                  003f13ab    00000008     timer.obj (.cinit)
                  003f13b3    00000005     rts2800_ml.lib : _lock.obj (.cinit:__lock)
                  003f13b8    00000005                    : _lock.obj (.cinit:__unlock)
                  003f13bd    00000002     --HOLE-- [fill = 0]

csm_rsvd   0    003f7f80    00000076     
                  003f7f80    00000076     DSP2802x_CSMPasswords.obj (csm_rsvd)

codestart 
*          0    003f7ff6    00000002     
                  003f7ff6    00000002     DSP2802x_CodeStartBranch.obj (codestart)

csmpasswds 
*          0    003f7ff8    00000008     
                  003f7ff8    00000008     DSP2802x_CSMPasswords.obj (csmpasswds)

.stack     1    00000050    00000300     UNINITIALIZED
                  00000050    00000300     --HOLE--

DevEmuRegsFile 
*          1    00000880    00000004     UNINITIALIZED
                  00000880    00000004     DSP2802x_GlobalVariableDefs.obj (DevEmuRegsFile)

SysPwrCtrlRegsFile 
*          1    00000985    00000003     UNINITIALIZED
                  00000985    00000003     DSP2802x_GlobalVariableDefs.obj (SysPwrCtrlRegsFile)

FlashRegsFile 
*          1    00000a80    00000008     UNINITIALIZED
                  00000a80    00000008     DSP2802x_GlobalVariableDefs.obj (FlashRegsFile)

CsmRegsFile 
*          1    00000ae0    00000010     UNINITIALIZED
                  00000ae0    00000010     DSP2802x_GlobalVariableDefs.obj (CsmRegsFile)

AdcResultFile 
*          1    00000b00    00000020     UNINITIALIZED
                  00000b00    00000020     DSP2802x_GlobalVariableDefs.obj (AdcResultFile)

CpuTimer0RegsFile 
*          1    00000c00    00000008     UNINITIALIZED
                  00000c00    00000008     DSP2802x_GlobalVariableDefs.obj (CpuTimer0RegsFile)

CpuTimer1RegsFile 
*          1    00000c08    00000008     UNINITIALIZED
                  00000c08    00000008     DSP2802x_GlobalVariableDefs.obj (CpuTimer1RegsFile)

CpuTimer2RegsFile 
*          1    00000c10    00000008     UNINITIALIZED
                  00000c10    00000008     DSP2802x_GlobalVariableDefs.obj (CpuTimer2RegsFile)

PieCtrlRegsFile 
*          1    00000ce0    0000001a     UNINITIALIZED
                  00000ce0    0000001a     DSP2802x_GlobalVariableDefs.obj (PieCtrlRegsFile)

PieVectTableFile 
*          1    00000d00    00000100     UNINITIALIZED
                  00000d00    00000100     DSP2802x_GlobalVariableDefs.obj (PieVectTableFile)

EmuKeyVar 
*          1    00000d00    00000001     UNINITIALIZED
                  00000d00    00000001     DSP2802x_GlobalVariableDefs.obj (EmuKeyVar)

EmuBModeVar 
*          1    00000d01    00000001     UNINITIALIZED
                  00000d01    00000001     DSP2802x_GlobalVariableDefs.obj (EmuBModeVar)

FlashCallbackVar 
*          1    00000d02    00000002     UNINITIALIZED
                  00000d02    00000002     DSP2802x_GlobalVariableDefs.obj (FlashCallbackVar)

FlashScalingVar 
*          1    00000d04    00000002     UNINITIALIZED
                  00000d04    00000002     DSP2802x_GlobalVariableDefs.obj (FlashScalingVar)

Comp1RegsFile 
*          1    00006400    00000011     UNINITIALIZED
                  00006400    00000011     DSP2802x_GlobalVariableDefs.obj (Comp1RegsFile)

Comp2RegsFile 
*          1    00006420    00000011     UNINITIALIZED
                  00006420    00000011     DSP2802x_GlobalVariableDefs.obj (Comp2RegsFile)

EPwm1RegsFile 
*          1    00006800    00000040     UNINITIALIZED
                  00006800    00000040     DSP2802x_GlobalVariableDefs.obj (EPwm1RegsFile)

EPwm2RegsFile 
*          1    00006840    00000040     UNINITIALIZED
                  00006840    00000040     DSP2802x_GlobalVariableDefs.obj (EPwm2RegsFile)

EPwm3RegsFile 
*          1    00006880    00000040     UNINITIALIZED
                  00006880    00000040     DSP2802x_GlobalVariableDefs.obj (EPwm3RegsFile)

EPwm4RegsFile 
*          1    000068c0    00000040     UNINITIALIZED
                  000068c0    00000040     DSP2802x_GlobalVariableDefs.obj (EPwm4RegsFile)

ECap1RegsFile 
*          1    00006a00    00000020     UNINITIALIZED
                  00006a00    00000020     DSP2802x_GlobalVariableDefs.obj (ECap1RegsFile)

GpioCtrlRegsFile 
*          1    00006f80    00000040     UNINITIALIZED
                  00006f80    00000040     DSP2802x_GlobalVariableDefs.obj (GpioCtrlRegsFile)

GpioDataRegsFile 
*          1    00006fc0    00000020     UNINITIALIZED
                  00006fc0    00000020     DSP2802x_GlobalVariableDefs.obj (GpioDataRegsFile)

GpioIntRegsFile 
*          1    00006fe0    0000000a     UNINITIALIZED
                  00006fe0    0000000a     DSP2802x_GlobalVariableDefs.obj (GpioIntRegsFile)

SysCtrlRegsFile 
*          1    00007010    0000001f     UNINITIALIZED
                  00007010    0000001f     DSP2802x_GlobalVariableDefs.obj (SysCtrlRegsFile)

SpiaRegsFile 
*          1    00007040    00000010     UNINITIALIZED
                  00007040    00000010     DSP2802x_GlobalVariableDefs.obj (SpiaRegsFile)

SciaRegsFile 
*          1    00007050    00000010     UNINITIALIZED
                  00007050    00000010     DSP2802x_GlobalVariableDefs.obj (SciaRegsFile)

NmiIntruptRegsFile 
*          1    00007060    00000010     UNINITIALIZED
                  00007060    00000010     DSP2802x_GlobalVariableDefs.obj (NmiIntruptRegsFile)

XIntruptRegsFile 
*          1    00007070    00000010     UNINITIALIZED
                  00007070    00000010     DSP2802x_GlobalVariableDefs.obj (XIntruptRegsFile)

AdcRegsFile 
*          1    00007100    00000051     UNINITIALIZED
                  00007100    00000051     DSP2802x_GlobalVariableDefs.obj (AdcRegsFile)

I2caRegsFile 
*          1    00007900    00000022     UNINITIALIZED
                  00007900    00000022     DSP2802x_GlobalVariableDefs.obj (I2caRegsFile)

.ebss      1    00008800    000002fe     UNINITIALIZED
                  00008800    00000238     timer.obj (.ebss)
                  00008a38    00000004     rts2800_ml.lib : exit.obj (.ebss)
                  00008a3c    00000002     Adc.obj (.ebss)
                  00008a3e    00000002     rts2800_ml.lib : _lock.obj (.ebss:__lock)
                  00008a40    00000064     main.obj (.ebss)
                  00008aa4    00000018     DSP2802x_CpuTimers.obj (.ebss)
                  00008abc    00000002     rts2800_ml.lib : _lock.obj (.ebss:__unlock)
                  00008abe    00000002     --HOLE--
                  00008ac0    0000003e     motion.obj (.ebss)

PartIdRegsFile 
*          1    003d7fff    00000001     UNINITIALIZED
                  003d7fff    00000001     DSP2802x_GlobalVariableDefs.obj (PartIdRegsFile)

CsmPwlFile 
*          1    003f7ff8    00000008     UNINITIALIZED
                  003f7ff8    00000008     DSP2802x_GlobalVariableDefs.obj (CsmPwlFile)

.pinit     0    003f0000    00000000     UNINITIALIZED

.reset     0    003fffc0    00000002     DSECT
                  003fffc0    00000002     rts2800_ml.lib : boot.obj (.reset)

vectors    0    003fffc2    00000000     DSECT


GLOBAL DATA SYMBOLS: SORTED BY DATA PAGE

address     data page           name
--------    ----------------    ----
00000050       1 (00000040)     __stack

00000880      22 (00000880)     _DevEmuRegs

00000985      26 (00000980)     _SysPwrCtrlRegs

00000a80      2a (00000a80)     _FlashRegs

00000ae0      2b (00000ac0)     _CsmRegs

00000b00      2c (00000b00)     _AdcResult

00000c00      30 (00000c00)     _CpuTimer0Regs
00000c08      30 (00000c00)     _CpuTimer1Regs
00000c10      30 (00000c00)     _CpuTimer2Regs

00000ce0      33 (00000cc0)     _PieCtrlRegs

00000d00      34 (00000d00)     _EmuKey
00000d00      34 (00000d00)     _PieVectTable
00000d01      34 (00000d00)     _EmuBMode
00000d02      34 (00000d00)     _Flash_CallbackPtr
00000d04      34 (00000d00)     _Flash_CPUScaleFactor

00006400     190 (00006400)     _Comp1Regs
00006420     190 (00006400)     _Comp2Regs

00006800     1a0 (00006800)     _EPwm1Regs

00006840     1a1 (00006840)     _EPwm2Regs

00006880     1a2 (00006880)     _EPwm3Regs

000068c0     1a3 (000068c0)     _EPwm4Regs

00006a00     1a8 (00006a00)     _ECap1Regs

00006f80     1be (00006f80)     _GpioCtrlRegs

00006fc0     1bf (00006fc0)     _GpioDataRegs
00006fe0     1bf (00006fc0)     _GpioIntRegs

00007010     1c0 (00007000)     _SysCtrlRegs

00007040     1c1 (00007040)     _SpiaRegs
00007050     1c1 (00007040)     _SciaRegs
00007060     1c1 (00007040)     _NmiIntruptRegs
00007070     1c1 (00007040)     _XIntruptRegs

00007100     1c4 (00007100)     _AdcRegs

00007900     1e4 (00007900)     _I2caRegs

00008800     220 (00008800)     _count
00008801     220 (00008800)     _i

00008840     221 (00008840)     _adc_ccd_result2

000088c0     223 (000088c0)     _pic

00008940     225 (00008940)     _adc_ccd_result

000089c0     227 (000089c0)     _pic2

00008a38     228 (00008a00)     ___TI_cleanup_ptr
00008a3a     228 (00008a00)     ___TI_dtors_ptr
00008a3c     228 (00008a00)     _temp
00008a3d     228 (00008a00)     _temp2
00008a3e     228 (00008a00)     __lock

00008a40     229 (00008a40)     _CDuty
00008a41     229 (00008a40)     _DDuty
00008a42     229 (00008a40)     _ADuty
00008a43     229 (00008a40)     _who
00008a44     229 (00008a40)     _who1
00008a45     229 (00008a40)     _BDuty
00008a46     229 (00008a40)     _flag
00008a47     229 (00008a40)     _pp
00008a48     229 (00008a40)     _hc
00008a49     229 (00008a40)     _dd
00008a4a     229 (00008a40)     _temperature
00008a4b     229 (00008a40)     _control
00008a4c     229 (00008a40)     _ii
00008a4d     229 (00008a40)     _auto_flag
00008a4e     229 (00008a40)     _down_flag
00008a4f     229 (00008a40)     _re
00008a50     229 (00008a40)     _ccdloc
00008a51     229 (00008a40)     _ccdlastloc
00008a52     229 (00008a40)     _lock_flag
00008a53     229 (00008a40)     _X
00008a54     229 (00008a40)     _Y
00008a55     229 (00008a40)     _TimerIntcount_Mpu6050
00008a56     229 (00008a40)     _inc
00008a57     229 (00008a40)     _upflag
00008a58     229 (00008a40)     _xint3_count
00008a59     229 (00008a40)     _t2
00008a5a     229 (00008a40)     _t
00008a5b     229 (00008a40)     _coun
00008a5c     229 (00008a40)     _min
00008a5d     229 (00008a40)     _max
00008a5e     229 (00008a40)     _max2
00008a5f     229 (00008a40)     _min2
00008a60     229 (00008a40)     _r2
00008a61     229 (00008a40)     _r
00008a62     229 (00008a40)     _center
00008a63     229 (00008a40)     _mid
00008a64     229 (00008a40)     _mid2
00008a65     229 (00008a40)     _l
00008a66     229 (00008a40)     _Z
00008a67     229 (00008a40)     _l2
00008a68     229 (00008a40)     _kd
00008a6a     229 (00008a40)     _ki
00008a6c     229 (00008a40)     _sp
00008a6e     229 (00008a40)     _cd
00008a70     229 (00008a40)     _ccdinc
00008a72     229 (00008a40)     _ci
00008a74     229 (00008a40)     _sd
00008a76     229 (00008a40)     _cp
00008a78     229 (00008a40)     _si
00008a7a     229 (00008a40)     _kp
00008a7c     229 (00008a40)     _setspeed
00008a7e     229 (00008a40)     _setspeedinc

00008a80     22a (00008a80)     _signal
00008a82     22a (00008a80)     _adc_ccd_avg
00008a84     22a (00008a80)     _loop_count
00008a86     22a (00008a80)     _Acceleration
00008a88     22a (00008a80)     _SetHeight
00008a8a     22a (00008a80)     _Velocity
00008a8c     22a (00008a80)     _adc_ccd_avg2
00008a8e     22a (00008a80)     _Velocitytemp
00008a90     22a (00008a80)     _gyro
00008a93     22a (00008a80)     _accel
00008a96     22a (00008a80)     _Height
00008a9c     22a (00008a80)     _speed
00008aa4     22a (00008a80)     _CpuTimer1
00008aac     22a (00008a80)     _CpuTimer2
00008ab4     22a (00008a80)     _CpuTimer0
00008abc     22a (00008a80)     __unlock

00008ac0     22b (00008ac0)     _pre_motion
00008ac1     22b (00008ac0)     _current_motion
00008ac2     22b (00008ac0)     _msg

003d7fff    f5ff (003d7fc0)     _PartIdRegs

003f10d2    fc43 (003f10c0)     _PieVectTableInit

003f7ff8    fdff (003f7fc0)     _CsmPwl


GLOBAL SYMBOLS: SORTED ALPHABETICALLY BY Name 

page  address   name                  
----  -------   ----                  
0     003f0000  .text                 
0     003f1039  C$$EXIT               
0     003f0c97  FS$$ADD               
0     003f1069  FS$$CMP               
0     003f0b0c  FS$$DIV               
0     003f0d7c  FS$$MPY               
0     003f0c92  FS$$SUB               
0     003f0fa5  FS$$TOI               
0     003f0f2c  FS$$TOL               
0     003f0fca  I$$DIV                
0     003f0fdb  I$$MOD                
0     003f1006  I$$TOFS               
0     003f092f  _ADCINT1_ISR          
0     003f0934  _ADCINT2_ISR          
0     003f099d  _ADCINT3_ISR          
0     003f09a2  _ADCINT4_ISR          
0     003f09a7  _ADCINT5_ISR          
0     003f09ac  _ADCINT6_ISR          
0     003f09b1  _ADCINT7_ISR          
0     003f09b6  _ADCINT8_ISR          
0     003f0943  _ADCINT9_ISR          
1     00008a42  _ADuty                
1     00008a86  _Acceleration         
0     003f0498  _AdcChanSelect        
0     003f050d  _AdcConversion        
0     003f0471  _AdcOffsetSelfCal     
1     00007100  _AdcRegs              
1     00000b00  _AdcResult            
0     003f0dd6  _Adc_init             
1     00008a45  _BDuty                
1     00008a40  _CDuty                
1     00006400  _Comp1Regs            
1     00006420  _Comp2Regs            
0     003f0d4b  _ConfigCpuTimer       
1     00008ab4  _CpuTimer0            
1     00000c00  _CpuTimer0Regs        
1     00008aa4  _CpuTimer1            
1     00000c08  _CpuTimer1Regs        
1     00008aac  _CpuTimer2            
1     00000c10  _CpuTimer2Regs        
1     003f7ff8  _CsmPwl               
1     00000ae0  _CsmRegs              
0     003f0853  _CsmUnlock            
0     003f08da  _DATALOG_ISR          
1     00008a41  _DDuty                
0     0000801b  _DSP28x_usDelay       
1     00000880  _DevEmuRegs           
0     003f07c4  _DisableDog           
0     003f097a  _ECAP1_INT_ISR        
1     00006a00  _ECap1Regs            
0     003f09c0  _EMPTY_ISR            
0     003f08e4  _EMUINT_ISR           
0     003f0966  _EPWM1_INT_ISR        
0     003f0952  _EPWM1_TZINT_ISR      
0     003f096b  _EPWM2_INT_ISR        
0     003f0957  _EPWM2_TZINT_ISR      
0     003f0970  _EPWM3_INT_ISR        
0     003f095c  _EPWM3_TZINT_ISR      
0     003f0975  _EPWM4_INT_ISR        
0     003f0961  _EPWM4_TZINT_ISR      
1     00006800  _EPwm1Regs            
1     00006840  _EPwm2Regs            
1     00006880  _EPwm3Regs            
1     000068c0  _EPwm4Regs            
1     00000d01  _EmuBMode             
1     00000d00  _EmuKey               
0     003f0f74  _EnableInterrupts     
0     003f08ba  _ExtOscSel            
1     00000a80  _FlashRegs            
1     00000d04  _Flash_CPUScaleFactor 
1     00000d02  _Flash_CallbackPtr    
1     00006f80  _GpioCtrlRegs         
1     00006fc0  _GpioDataRegs         
1     00006fe0  _GpioIntRegs          
0     003f0637  _HRPWM1_Config        
0     003f0754  _HRPWM1_SetDuty       
0     003f0681  _HRPWM2_Config        
0     003f0767  _HRPWM2_SetDuty       
0     003f06cf  _HRPWM3_Config        
0     003f077a  _HRPWM3_SetDuty       
0     003f0710  _HRPWM4_Config        
0     003f078d  _HRPWM4_SetDuty       
1     00008a96  _Height               
0     003f09cf  _I2CA_Init            
0     003f0a40  _I2CA_ReadData        
0     003f0a16  _I2CA_WriteData       
0     003f0989  _I2CINT1A_ISR         
0     003f098e  _I2CINT2A_ISR         
1     00007900  _I2caRegs             
0     003f08ee  _ILLEGAL_ISR          
0     003f08d0  _INT13_ISR            
0     003f08d5  _INT14_ISR            
0     003f0430  _InitAdc              
0     003f044f  _InitAdcAio           
0     003f0d0a  _InitCpuTimers        
0     003f0c11  _InitEPwm             
0     003f0c1b  _InitEPwm1Gpio        
0     003f0c2d  _InitEPwm2Gpio        
0     003f0c3f  _InitEPwm3Gpio        
0     003f0c53  _InitEPwm4Gpio        
0     003f0c12  _InitEPwmGpio         
0     003f0c67  _InitEPwmSyncGpio     
0     00008000  _InitFlash            
0     003f1052  _InitI2C              
0     003f1053  _InitI2CGpio          
0     003f0821  _InitPeripheralClocks 
0     003f0f55  _InitPieCtrl          
0     003f0f7d  _InitPieVectTable     
0     003f07cc  _InitPll              
0     003f0fec  _InitSci              
0     003f0fed  _InitSciGpio          
0     003f0ff0  _InitSciaGpio         
0     003f07a0  _InitSysCtrl          
0     003f0c77  _InitTzGpio           
0     003f0884  _IntOsc1Sel           
0     003f0894  _IntOsc2Sel           
0     003f1080  _MemCopy              
0     003f08e9  _NMI_ISR              
1     00007060  _NmiIntruptRegs       
0     003f09c5  _PIE_RESERVED         
1     003d7fff  _PartIdRegs           
1     00000ce0  _PieCtrlRegs          
1     00000d00  _PieVectTable         
0     003f10d2  _PieVectTableInit     
0     003f08df  _RTOSINT_ISR          
0     003f10d2  _RamfuncsLoadEnd      
0     003f10b3  _RamfuncsLoadStart    
0     00008000  _RamfuncsRunStart     
0     003f0993  _SCIRXINTA_ISR        
0     003f0998  _SCITXINTA_ISR        
0     003f097f  _SPIRXINTA_ISR        
0     003f0984  _SPITXINTA_ISR        
1     00007050  _SciaRegs             
0     003f07ba  _ServiceDog           
1     00008a88  _SetHeight            
1     00007040  _SpiaRegs             
1     00007010  _SysCtrlRegs          
1     00000985  _SysPwrCtrlRegs       
0     003f0948  _TINT0_ISR            
1     00008a55  _TimerIntcount_Mpu6050
0     003f0e29  _Timer_init           
0     003f0920  _USER10_ISR           
0     003f0925  _USER11_ISR           
0     003f092a  _USER12_ISR           
0     003f08f3  _USER1_ISR            
0     003f08f8  _USER2_ISR            
0     003f08fd  _USER3_ISR            
0     003f0902  _USER4_ISR            
0     003f0907  _USER5_ISR            
0     003f090c  _USER6_ISR            
0     003f0911  _USER7_ISR            
0     003f0916  _USER8_ISR            
0     003f091b  _USER9_ISR            
1     00008a8a  _Velocity             
1     00008a8e  _Velocitytemp         
0     003f094d  _WAKEINT_ISR          
1     00008a53  _X                    
0     003f0939  _XINT1_ISR            
0     003f093e  _XINT2_ISR            
0     003f09bb  _XINT3_ISR            
0     003f0f03  _XInt_init            
1     00007070  _XIntruptRegs         
0     003f08a6  _XtalOscSel           
1     00008a54  _Y                    
1     00008a66  _Z                    
1     00000350  __STACK_END           
abs   00000300  __STACK_SIZE          
1     00008a38  ___TI_cleanup_ptr     
1     00008a3a  ___TI_dtors_ptr       
abs   ffffffff  ___binit__            
abs   ffffffff  ___c_args__           
0     003f126f  ___cinit__            
0     003f10b3  ___etext__            
abs   ffffffff  ___pinit__            
0     003f0000  ___text__             
0     003f1020  __args_main           
1     00008a3e  __lock                
0     003f10aa  __nop                 
0     003f10a6  __register_lock       
0     003f10a2  __register_unlock     
1     00000050  __stack               
1     00008abc  __unlock              
0     003f1039  _abort                
1     00008a93  _accel                
1     00008a82  _adc_ccd_avg          
1     00008a8c  _adc_ccd_avg2         
1     00008940  _adc_ccd_result       
1     00008840  _adc_ccd_result2      
0     003f1095  _adc_isr              
1     00008a4d  _auto_flag            
0     003f0ebf  _c_int00              
1     00008a70  _ccdinc               
1     00008a51  _ccdlastloc           
1     00008a50  _ccdloc               
1     00008a6e  _cd                   
1     00008a62  _center               
1     00008a72  _ci                   
1     00008a4b  _control              
1     00008a5b  _coun                 
1     00008800  _count                
1     00008a76  _cp                   
0     003f0a82  _cpu_timer0_isr       
0     003f0af5  _cpu_timer1_isr       
0     003f0b00  _cpu_timer2_isr       
1     00008ac1  _current_motion       
1     00008a49  _dd                   
1     00008a4e  _down_flag            
0     003f103b  _exit                 
1     00008a46  _flag                 
1     00008a90  _gyro                 
1     00008a48  _hc                   
1     00008801  _i                    
0     003f0a7b  _i2cRead              
0     003f0a73  _i2cWrite             
1     00008a4c  _ii                   
1     00008a56  _inc                  
1     00008a68  _kd                   
1     00008a6a  _ki                   
1     00008a7a  _kp                   
1     00008a65  _l                    
1     00008a67  _l2                   
1     00008a52  _lock_flag            
1     00008a84  _loop_count           
0     003f0000  _main                 
1     00008a5d  _max                  
1     00008a5e  _max2                 
1     00008a63  _mid                  
1     00008a64  _mid2                 
1     00008a5c  _min                  
1     00008a5f  _min2                 
1     00008ac2  _msg                  
1     000088c0  _pic                  
1     000089c0  _pic2                 
1     00008a47  _pp                   
1     00008ac0  _pre_motion           
0     003f0bfd  _printInfo            
0     003f0bcf  _printNumber          
0     003f0bbc  _printString          
1     00008a61  _r                    
1     00008a60  _r2                   
1     00008a4f  _re                   
0     003f09ca  _rsvd_ISR             
0     003f0b8f  _scia_echoback_init   
0     003f0ba1  _scia_fifo_init       
0     003f0ba9  _scia_init            
0     003f0bb0  _scia_xmit            
1     00008a74  _sd                   
1     00008a7c  _setspeed             
1     00008a7e  _setspeedinc          
1     00008a78  _si                   
1     00008a80  _signal               
1     00008a6c  _sp                   
1     00008a9c  _speed                
1     00008a5a  _t                    
1     00008a59  _t2                   
1     00008a3c  _temp                 
1     00008a3d  _temp2                
1     00008a4a  _temperature          
1     00008a57  _upflag               
1     00008a43  _who                  
1     00008a44  _who1                 
1     00008a58  _xint3_count          
0     003f0e7a  _xint3_isr            
abs   ffffffff  binit                 
0     003f126f  cinit                 
0     003f7ff6  code_start            
0     003f10b3  etext                 
abs   ffffffff  pinit                 


GLOBAL SYMBOLS: SORTED BY Symbol Address 

page  address   name                  
----  -------   ----                  
0     00008000  _InitFlash            
0     00008000  _RamfuncsRunStart     
0     0000801b  _DSP28x_usDelay       
0     003f0000  .text                 
0     003f0000  ___text__             
0     003f0000  _main                 
0     003f0430  _InitAdc              
0     003f044f  _InitAdcAio           
0     003f0471  _AdcOffsetSelfCal     
0     003f0498  _AdcChanSelect        
0     003f050d  _AdcConversion        
0     003f0637  _HRPWM1_Config        
0     003f0681  _HRPWM2_Config        
0     003f06cf  _HRPWM3_Config        
0     003f0710  _HRPWM4_Config        
0     003f0754  _HRPWM1_SetDuty       
0     003f0767  _HRPWM2_SetDuty       
0     003f077a  _HRPWM3_SetDuty       
0     003f078d  _HRPWM4_SetDuty       
0     003f07a0  _InitSysCtrl          
0     003f07ba  _ServiceDog           
0     003f07c4  _DisableDog           
0     003f07cc  _InitPll              
0     003f0821  _InitPeripheralClocks 
0     003f0853  _CsmUnlock            
0     003f0884  _IntOsc1Sel           
0     003f0894  _IntOsc2Sel           
0     003f08a6  _XtalOscSel           
0     003f08ba  _ExtOscSel            
0     003f08d0  _INT13_ISR            
0     003f08d5  _INT14_ISR            
0     003f08da  _DATALOG_ISR          
0     003f08df  _RTOSINT_ISR          
0     003f08e4  _EMUINT_ISR           
0     003f08e9  _NMI_ISR              
0     003f08ee  _ILLEGAL_ISR          
0     003f08f3  _USER1_ISR            
0     003f08f8  _USER2_ISR            
0     003f08fd  _USER3_ISR            
0     003f0902  _USER4_ISR            
0     003f0907  _USER5_ISR            
0     003f090c  _USER6_ISR            
0     003f0911  _USER7_ISR            
0     003f0916  _USER8_ISR            
0     003f091b  _USER9_ISR            
0     003f0920  _USER10_ISR           
0     003f0925  _USER11_ISR           
0     003f092a  _USER12_ISR           
0     003f092f  _ADCINT1_ISR          
0     003f0934  _ADCINT2_ISR          
0     003f0939  _XINT1_ISR            
0     003f093e  _XINT2_ISR            
0     003f0943  _ADCINT9_ISR          
0     003f0948  _TINT0_ISR            
0     003f094d  _WAKEINT_ISR          
0     003f0952  _EPWM1_TZINT_ISR      
0     003f0957  _EPWM2_TZINT_ISR      
0     003f095c  _EPWM3_TZINT_ISR      
0     003f0961  _EPWM4_TZINT_ISR      
0     003f0966  _EPWM1_INT_ISR        
0     003f096b  _EPWM2_INT_ISR        
0     003f0970  _EPWM3_INT_ISR        
0     003f0975  _EPWM4_INT_ISR        
0     003f097a  _ECAP1_INT_ISR        
0     003f097f  _SPIRXINTA_ISR        
0     003f0984  _SPITXINTA_ISR        
0     003f0989  _I2CINT1A_ISR         
0     003f098e  _I2CINT2A_ISR         
0     003f0993  _SCIRXINTA_ISR        
0     003f0998  _SCITXINTA_ISR        
0     003f099d  _ADCINT3_ISR          
0     003f09a2  _ADCINT4_ISR          
0     003f09a7  _ADCINT5_ISR          
0     003f09ac  _ADCINT6_ISR          
0     003f09b1  _ADCINT7_ISR          
0     003f09b6  _ADCINT8_ISR          
0     003f09bb  _XINT3_ISR            
0     003f09c0  _EMPTY_ISR            
0     003f09c5  _PIE_RESERVED         
0     003f09ca  _rsvd_ISR             
0     003f09cf  _I2CA_Init            
0     003f0a16  _I2CA_WriteData       
0     003f0a40  _I2CA_ReadData        
0     003f0a73  _i2cWrite             
0     003f0a7b  _i2cRead              
0     003f0a82  _cpu_timer0_isr       
0     003f0af5  _cpu_timer1_isr       
0     003f0b00  _cpu_timer2_isr       
0     003f0b0c  FS$$DIV               
0     003f0b8f  _scia_echoback_init   
0     003f0ba1  _scia_fifo_init       
0     003f0ba9  _scia_init            
0     003f0bb0  _scia_xmit            
0     003f0bbc  _printString          
0     003f0bcf  _printNumber          
0     003f0bfd  _printInfo            
0     003f0c11  _InitEPwm             
0     003f0c12  _InitEPwmGpio         
0     003f0c1b  _InitEPwm1Gpio        
0     003f0c2d  _InitEPwm2Gpio        
0     003f0c3f  _InitEPwm3Gpio        
0     003f0c53  _InitEPwm4Gpio        
0     003f0c67  _InitEPwmSyncGpio     
0     003f0c77  _InitTzGpio           
0     003f0c92  FS$$SUB               
0     003f0c97  FS$$ADD               
0     003f0d0a  _InitCpuTimers        
0     003f0d4b  _ConfigCpuTimer       
0     003f0d7c  FS$$MPY               
0     003f0dd6  _Adc_init             
0     003f0e29  _Timer_init           
0     003f0e7a  _xint3_isr            
0     003f0ebf  _c_int00              
0     003f0f03  _XInt_init            
0     003f0f2c  FS$$TOL               
0     003f0f55  _InitPieCtrl          
0     003f0f74  _EnableInterrupts     
0     003f0f7d  _InitPieVectTable     
0     003f0fa5  FS$$TOI               
0     003f0fca  I$$DIV                
0     003f0fdb  I$$MOD                
0     003f0fec  _InitSci              
0     003f0fed  _InitSciGpio          
0     003f0ff0  _InitSciaGpio         
0     003f1006  I$$TOFS               
0     003f1020  __args_main           
0     003f1039  C$$EXIT               
0     003f1039  _abort                
0     003f103b  _exit                 
0     003f1052  _InitI2C              
0     003f1053  _InitI2CGpio          
0     003f1069  FS$$CMP               
0     003f1080  _MemCopy              
0     003f1095  _adc_isr              
0     003f10a2  __register_unlock     
0     003f10a6  __register_lock       
0     003f10aa  __nop                 
0     003f10b3  _RamfuncsLoadStart    
0     003f10b3  ___etext__            
0     003f10b3  etext                 
0     003f10d2  _PieVectTableInit     
0     003f10d2  _RamfuncsLoadEnd      
0     003f126f  ___cinit__            
0     003f126f  cinit                 
0     003f7ff6  code_start            
1     00000050  __stack               
1     00000350  __STACK_END           
1     00000880  _DevEmuRegs           
1     00000985  _SysPwrCtrlRegs       
1     00000a80  _FlashRegs            
1     00000ae0  _CsmRegs              
1     00000b00  _AdcResult            
1     00000c00  _CpuTimer0Regs        
1     00000c08  _CpuTimer1Regs        
1     00000c10  _CpuTimer2Regs        
1     00000ce0  _PieCtrlRegs          
1     00000d00  _EmuKey               
1     00000d00  _PieVectTable         
1     00000d01  _EmuBMode             
1     00000d02  _Flash_CallbackPtr    
1     00000d04  _Flash_CPUScaleFactor 
1     00006400  _Comp1Regs            
1     00006420  _Comp2Regs            
1     00006800  _EPwm1Regs            
1     00006840  _EPwm2Regs            
1     00006880  _EPwm3Regs            
1     000068c0  _EPwm4Regs            
1     00006a00  _ECap1Regs            
1     00006f80  _GpioCtrlRegs         
1     00006fc0  _GpioDataRegs         
1     00006fe0  _GpioIntRegs          
1     00007010  _SysCtrlRegs          
1     00007040  _SpiaRegs             
1     00007050  _SciaRegs             
1     00007060  _NmiIntruptRegs       
1     00007070  _XIntruptRegs         
1     00007100  _AdcRegs              
1     00007900  _I2caRegs             
1     00008800  _count                
1     00008801  _i                    
1     00008840  _adc_ccd_result2      
1     000088c0  _pic                  
1     00008940  _adc_ccd_result       
1     000089c0  _pic2                 
1     00008a38  ___TI_cleanup_ptr     
1     00008a3a  ___TI_dtors_ptr       
1     00008a3c  _temp                 
1     00008a3d  _temp2                
1     00008a3e  __lock                
1     00008a40  _CDuty                
1     00008a41  _DDuty                
1     00008a42  _ADuty                
1     00008a43  _who                  
1     00008a44  _who1                 
1     00008a45  _BDuty                
1     00008a46  _flag                 
1     00008a47  _pp                   
1     00008a48  _hc                   
1     00008a49  _dd                   
1     00008a4a  _temperature          
1     00008a4b  _control              
1     00008a4c  _ii                   
1     00008a4d  _auto_flag            
1     00008a4e  _down_flag            
1     00008a4f  _re                   
1     00008a50  _ccdloc               
1     00008a51  _ccdlastloc           
1     00008a52  _lock_flag            
1     00008a53  _X                    
1     00008a54  _Y                    
1     00008a55  _TimerIntcount_Mpu6050
1     00008a56  _inc                  
1     00008a57  _upflag               
1     00008a58  _xint3_count          
1     00008a59  _t2                   
1     00008a5a  _t                    
1     00008a5b  _coun                 
1     00008a5c  _min                  
1     00008a5d  _max                  
1     00008a5e  _max2                 
1     00008a5f  _min2                 
1     00008a60  _r2                   
1     00008a61  _r                    
1     00008a62  _center               
1     00008a63  _mid                  
1     00008a64  _mid2                 
1     00008a65  _l                    
1     00008a66  _Z                    
1     00008a67  _l2                   
1     00008a68  _kd                   
1     00008a6a  _ki                   
1     00008a6c  _sp                   
1     00008a6e  _cd                   
1     00008a70  _ccdinc               
1     00008a72  _ci                   
1     00008a74  _sd                   
1     00008a76  _cp                   
1     00008a78  _si                   
1     00008a7a  _kp                   
1     00008a7c  _setspeed             
1     00008a7e  _setspeedinc          
1     00008a80  _signal               
1     00008a82  _adc_ccd_avg          
1     00008a84  _loop_count           
1     00008a86  _Acceleration         
1     00008a88  _SetHeight            
1     00008a8a  _Velocity             
1     00008a8c  _adc_ccd_avg2         
1     00008a8e  _Velocitytemp         
1     00008a90  _gyro                 
1     00008a93  _accel                
1     00008a96  _Height               
1     00008a9c  _speed                
1     00008aa4  _CpuTimer1            
1     00008aac  _CpuTimer2            
1     00008ab4  _CpuTimer0            
1     00008abc  __unlock              
1     00008ac0  _pre_motion           
1     00008ac1  _current_motion       
1     00008ac2  _msg                  
1     003d7fff  _PartIdRegs           
1     003f7ff8  _CsmPwl               
abs   00000300  __STACK_SIZE          
abs   ffffffff  ___binit__            
abs   ffffffff  ___c_args__           
abs   ffffffff  ___pinit__            
abs   ffffffff  binit                 
abs   ffffffff  pinit                 

[268 symbols]
