<?xml version="1.0"?>
<link_info>
   <banner>TMS320C2000 Linker PC v6.4.2</banner>
   <copyright>Copyright (c) 1996-2015 Texas Instruments Incorporated</copyright>
   <link_time>0x55d3d845</link_time>
   <link_errors>0x0</link_errors>
   <output_file>MPU6050.out</output_file>
   <entry_point>
      <name>_c_int00</name>
      <address>0x3f0ebf</address>
   </entry_point>
   <input_file_list>
      <input_file id="fl-2">
         <path>.\</path>
         <kind>object</kind>
         <file>main.obj</file>
         <name>main.obj</name>
      </input_file>
      <input_file id="fl-3">
         <path>.\source\</path>
         <kind>object</kind>
         <file>DSP2802x_Adc.obj</file>
         <name>DSP2802x_Adc.obj</name>
      </input_file>
      <input_file id="fl-4">
         <path>.\source\</path>
         <kind>object</kind>
         <file>DSP2802x_CSMPasswords.obj</file>
         <name>DSP2802x_CSMPasswords.obj</name>
      </input_file>
      <input_file id="fl-5">
         <path>.\source\</path>
         <kind>object</kind>
         <file>DSP2802x_CodeStartBranch.obj</file>
         <name>DSP2802x_CodeStartBranch.obj</name>
      </input_file>
      <input_file id="fl-6">
         <path>.\source\</path>
         <kind>object</kind>
         <file>DSP2802x_CpuTimers.obj</file>
         <name>DSP2802x_CpuTimers.obj</name>
      </input_file>
      <input_file id="fl-7">
         <path>.\source\</path>
         <kind>object</kind>
         <file>DSP2802x_DefaultIsr.obj</file>
         <name>DSP2802x_DefaultIsr.obj</name>
      </input_file>
      <input_file id="fl-8">
         <path>.\source\</path>
         <kind>object</kind>
         <file>DSP2802x_EPwm.obj</file>
         <name>DSP2802x_EPwm.obj</name>
      </input_file>
      <input_file id="fl-9">
         <path>.\source\</path>
         <kind>object</kind>
         <file>DSP2802x_GlobalVariableDefs.obj</file>
         <name>DSP2802x_GlobalVariableDefs.obj</name>
      </input_file>
      <input_file id="fl-a">
         <path>.\source\</path>
         <kind>object</kind>
         <file>DSP2802x_I2C.obj</file>
         <name>DSP2802x_I2C.obj</name>
      </input_file>
      <input_file id="fl-b">
         <path>.\source\</path>
         <kind>object</kind>
         <file>DSP2802x_MemCopy.obj</file>
         <name>DSP2802x_MemCopy.obj</name>
      </input_file>
      <input_file id="fl-c">
         <path>.\source\</path>
         <kind>object</kind>
         <file>DSP2802x_PieCtrl.obj</file>
         <name>DSP2802x_PieCtrl.obj</name>
      </input_file>
      <input_file id="fl-d">
         <path>.\source\</path>
         <kind>object</kind>
         <file>DSP2802x_PieVect.obj</file>
         <name>DSP2802x_PieVect.obj</name>
      </input_file>
      <input_file id="fl-e">
         <path>.\source\</path>
         <kind>object</kind>
         <file>DSP2802x_Sci.obj</file>
         <name>DSP2802x_Sci.obj</name>
      </input_file>
      <input_file id="fl-f">
         <path>.\source\</path>
         <kind>object</kind>
         <file>DSP2802x_SysCtrl.obj</file>
         <name>DSP2802x_SysCtrl.obj</name>
      </input_file>
      <input_file id="fl-10">
         <path>.\source\</path>
         <kind>object</kind>
         <file>DSP2802x_usDelay.obj</file>
         <name>DSP2802x_usDelay.obj</name>
      </input_file>
      <input_file id="fl-11">
         <path>.\ePWM\</path>
         <kind>object</kind>
         <file>epwm.obj</file>
         <name>epwm.obj</name>
      </input_file>
      <input_file id="fl-12">
         <path>.\XINT\</path>
         <kind>object</kind>
         <file>XInt.obj</file>
         <name>XInt.obj</name>
      </input_file>
      <input_file id="fl-13">
         <path>.\UART\</path>
         <kind>object</kind>
         <file>uart.obj</file>
         <name>uart.obj</name>
      </input_file>
      <input_file id="fl-14">
         <path>.\Timer\</path>
         <kind>object</kind>
         <file>timer.obj</file>
         <name>timer.obj</name>
      </input_file>
      <input_file id="fl-15">
         <path>.\MPU6050\</path>
         <kind>object</kind>
         <file>motion.obj</file>
         <name>motion.obj</name>
      </input_file>
      <input_file id="fl-16">
         <path>.\MPU6050\</path>
         <kind>object</kind>
         <file>mpu6050.obj</file>
         <name>mpu6050.obj</name>
      </input_file>
      <input_file id="fl-17">
         <path>.\I2C\</path>
         <kind>object</kind>
         <file>i2c.obj</file>
         <name>i2c.obj</name>
      </input_file>
      <input_file id="fl-18">
         <path>.\ADC\</path>
         <kind>object</kind>
         <file>Adc.obj</file>
         <name>Adc.obj</name>
      </input_file>
      <input_file id="fl-23">
         <path>C:\ti\ccsv6\tools\compiler\ti-cgt-c2000_6.4.2\lib\</path>
         <kind>archive</kind>
         <file>rts2800_ml.lib</file>
         <name>boot.obj</name>
      </input_file>
      <input_file id="fl-24">
         <path>C:\ti\ccsv6\tools\compiler\ti-cgt-c2000_6.4.2\lib\</path>
         <kind>archive</kind>
         <file>rts2800_ml.lib</file>
         <name>exit.obj</name>
      </input_file>
      <input_file id="fl-25">
         <path>C:\ti\ccsv6\tools\compiler\ti-cgt-c2000_6.4.2\lib\</path>
         <kind>archive</kind>
         <file>rts2800_ml.lib</file>
         <name>fs_add.obj</name>
      </input_file>
      <input_file id="fl-26">
         <path>C:\ti\ccsv6\tools\compiler\ti-cgt-c2000_6.4.2\lib\</path>
         <kind>archive</kind>
         <file>rts2800_ml.lib</file>
         <name>fs_cmp.obj</name>
      </input_file>
      <input_file id="fl-27">
         <path>C:\ti\ccsv6\tools\compiler\ti-cgt-c2000_6.4.2\lib\</path>
         <kind>archive</kind>
         <file>rts2800_ml.lib</file>
         <name>fs_div.obj</name>
      </input_file>
      <input_file id="fl-28">
         <path>C:\ti\ccsv6\tools\compiler\ti-cgt-c2000_6.4.2\lib\</path>
         <kind>archive</kind>
         <file>rts2800_ml.lib</file>
         <name>fs_mpy.obj</name>
      </input_file>
      <input_file id="fl-29">
         <path>C:\ti\ccsv6\tools\compiler\ti-cgt-c2000_6.4.2\lib\</path>
         <kind>archive</kind>
         <file>rts2800_ml.lib</file>
         <name>fs_toi.obj</name>
      </input_file>
      <input_file id="fl-2a">
         <path>C:\ti\ccsv6\tools\compiler\ti-cgt-c2000_6.4.2\lib\</path>
         <kind>archive</kind>
         <file>rts2800_ml.lib</file>
         <name>fs_tol.obj</name>
      </input_file>
      <input_file id="fl-2b">
         <path>C:\ti\ccsv6\tools\compiler\ti-cgt-c2000_6.4.2\lib\</path>
         <kind>archive</kind>
         <file>rts2800_ml.lib</file>
         <name>i_div.obj</name>
      </input_file>
      <input_file id="fl-2c">
         <path>C:\ti\ccsv6\tools\compiler\ti-cgt-c2000_6.4.2\lib\</path>
         <kind>archive</kind>
         <file>rts2800_ml.lib</file>
         <name>i_tofs.obj</name>
      </input_file>
      <input_file id="fl-2d">
         <path>C:\ti\ccsv6\tools\compiler\ti-cgt-c2000_6.4.2\lib\</path>
         <kind>archive</kind>
         <file>rts2800_ml.lib</file>
         <name>_lock.obj</name>
      </input_file>
      <input_file id="fl-2e">
         <path>C:\ti\ccsv6\tools\compiler\ti-cgt-c2000_6.4.2\lib\</path>
         <kind>archive</kind>
         <file>rts2800_ml.lib</file>
         <name>args_main.obj</name>
      </input_file>
   </input_file_list>
   <object_component_list>
      <object_component id="oc-7e">
         <name>PieVectTableFile</name>
         <uninitialized>true</uninitialized>
         <run_address>0xd00</run_address>
         <size>0x100</size>
         <input_file_ref idref="fl-9"/>
      </object_component>
      <object_component id="oc-5e">
         <name>EmuKeyVar</name>
         <uninitialized>true</uninitialized>
         <run_address>0xd00</run_address>
         <size>0x1</size>
         <input_file_ref idref="fl-9"/>
      </object_component>
      <object_component id="oc-60">
         <name>EmuBModeVar</name>
         <uninitialized>true</uninitialized>
         <run_address>0xd01</run_address>
         <size>0x1</size>
         <input_file_ref idref="fl-9"/>
      </object_component>
      <object_component id="oc-62">
         <name>FlashCallbackVar</name>
         <uninitialized>true</uninitialized>
         <run_address>0xd02</run_address>
         <size>0x2</size>
         <input_file_ref idref="fl-9"/>
      </object_component>
      <object_component id="oc-61">
         <name>FlashScalingVar</name>
         <uninitialized>true</uninitialized>
         <run_address>0xd04</run_address>
         <size>0x2</size>
         <input_file_ref idref="fl-9"/>
      </object_component>
      <object_component id="oc-64">
         <name>DevEmuRegsFile</name>
         <uninitialized>true</uninitialized>
         <run_address>0x880</run_address>
         <size>0x4</size>
         <input_file_ref idref="fl-9"/>
      </object_component>
      <object_component id="oc-63">
         <name>SysPwrCtrlRegsFile</name>
         <uninitialized>true</uninitialized>
         <run_address>0x985</run_address>
         <size>0x3</size>
         <input_file_ref idref="fl-9"/>
      </object_component>
      <object_component id="oc-65">
         <name>FlashRegsFile</name>
         <uninitialized>true</uninitialized>
         <run_address>0xa80</run_address>
         <size>0x8</size>
         <input_file_ref idref="fl-9"/>
      </object_component>
      <object_component id="oc-6e">
         <name>CsmRegsFile</name>
         <uninitialized>true</uninitialized>
         <run_address>0xae0</run_address>
         <size>0x10</size>
         <input_file_ref idref="fl-9"/>
      </object_component>
      <object_component id="oc-76">
         <name>AdcResultFile</name>
         <uninitialized>true</uninitialized>
         <run_address>0xb00</run_address>
         <size>0x20</size>
         <input_file_ref idref="fl-9"/>
      </object_component>
      <object_component id="oc-66">
         <name>CpuTimer0RegsFile</name>
         <uninitialized>true</uninitialized>
         <run_address>0xc00</run_address>
         <size>0x8</size>
         <input_file_ref idref="fl-9"/>
      </object_component>
      <object_component id="oc-67">
         <name>CpuTimer1RegsFile</name>
         <uninitialized>true</uninitialized>
         <run_address>0xc08</run_address>
         <size>0x8</size>
         <input_file_ref idref="fl-9"/>
      </object_component>
      <object_component id="oc-68">
         <name>CpuTimer2RegsFile</name>
         <uninitialized>true</uninitialized>
         <run_address>0xc10</run_address>
         <size>0x8</size>
         <input_file_ref idref="fl-9"/>
      </object_component>
      <object_component id="oc-72">
         <name>PieCtrlRegsFile</name>
         <uninitialized>true</uninitialized>
         <run_address>0xce0</run_address>
         <size>0x1a</size>
         <input_file_ref idref="fl-9"/>
      </object_component>
      <object_component id="oc-75">
         <name>ECap1RegsFile</name>
         <uninitialized>true</uninitialized>
         <run_address>0x6a00</run_address>
         <size>0x20</size>
         <input_file_ref idref="fl-9"/>
      </object_component>
      <object_component id="oc-7c">
         <name>GpioCtrlRegsFile</name>
         <uninitialized>true</uninitialized>
         <run_address>0x6f80</run_address>
         <size>0x40</size>
         <input_file_ref idref="fl-9"/>
      </object_component>
      <object_component id="oc-74">
         <name>GpioDataRegsFile</name>
         <uninitialized>true</uninitialized>
         <run_address>0x6fc0</run_address>
         <size>0x20</size>
         <input_file_ref idref="fl-9"/>
      </object_component>
      <object_component id="oc-6a">
         <name>GpioIntRegsFile</name>
         <uninitialized>true</uninitialized>
         <run_address>0x6fe0</run_address>
         <size>0xa</size>
         <input_file_ref idref="fl-9"/>
      </object_component>
      <object_component id="oc-73">
         <name>SysCtrlRegsFile</name>
         <uninitialized>true</uninitialized>
         <run_address>0x7010</run_address>
         <size>0x1f</size>
         <input_file_ref idref="fl-9"/>
      </object_component>
      <object_component id="oc-6b">
         <name>SpiaRegsFile</name>
         <uninitialized>true</uninitialized>
         <run_address>0x7040</run_address>
         <size>0x10</size>
         <input_file_ref idref="fl-9"/>
      </object_component>
      <object_component id="oc-6c">
         <name>SciaRegsFile</name>
         <uninitialized>true</uninitialized>
         <run_address>0x7050</run_address>
         <size>0x10</size>
         <input_file_ref idref="fl-9"/>
      </object_component>
      <object_component id="oc-6d">
         <name>NmiIntruptRegsFile</name>
         <uninitialized>true</uninitialized>
         <run_address>0x7060</run_address>
         <size>0x10</size>
         <input_file_ref idref="fl-9"/>
      </object_component>
      <object_component id="oc-6f">
         <name>XIntruptRegsFile</name>
         <uninitialized>true</uninitialized>
         <run_address>0x7070</run_address>
         <size>0x10</size>
         <input_file_ref idref="fl-9"/>
      </object_component>
      <object_component id="oc-7d">
         <name>AdcRegsFile</name>
         <uninitialized>true</uninitialized>
         <run_address>0x7100</run_address>
         <size>0x51</size>
         <input_file_ref idref="fl-9"/>
      </object_component>
      <object_component id="oc-77">
         <name>I2caRegsFile</name>
         <uninitialized>true</uninitialized>
         <run_address>0x7900</run_address>
         <size>0x22</size>
         <input_file_ref idref="fl-9"/>
      </object_component>
      <object_component id="oc-71">
         <name>Comp1RegsFile</name>
         <uninitialized>true</uninitialized>
         <run_address>0x6400</run_address>
         <size>0x11</size>
         <input_file_ref idref="fl-9"/>
      </object_component>
      <object_component id="oc-70">
         <name>Comp2RegsFile</name>
         <uninitialized>true</uninitialized>
         <run_address>0x6420</run_address>
         <size>0x11</size>
         <input_file_ref idref="fl-9"/>
      </object_component>
      <object_component id="oc-7b">
         <name>EPwm1RegsFile</name>
         <uninitialized>true</uninitialized>
         <run_address>0x6800</run_address>
         <size>0x40</size>
         <input_file_ref idref="fl-9"/>
      </object_component>
      <object_component id="oc-79">
         <name>EPwm2RegsFile</name>
         <uninitialized>true</uninitialized>
         <run_address>0x6840</run_address>
         <size>0x40</size>
         <input_file_ref idref="fl-9"/>
      </object_component>
      <object_component id="oc-78">
         <name>EPwm3RegsFile</name>
         <uninitialized>true</uninitialized>
         <run_address>0x6880</run_address>
         <size>0x40</size>
         <input_file_ref idref="fl-9"/>
      </object_component>
      <object_component id="oc-7a">
         <name>EPwm4RegsFile</name>
         <uninitialized>true</uninitialized>
         <run_address>0x68c0</run_address>
         <size>0x40</size>
         <input_file_ref idref="fl-9"/>
      </object_component>
      <object_component id="oc-69">
         <name>CsmPwlFile</name>
         <uninitialized>true</uninitialized>
         <run_address>0x3f7ff8</run_address>
         <size>0x8</size>
         <input_file_ref idref="fl-9"/>
      </object_component>
      <object_component id="oc-5f">
         <name>PartIdRegsFile</name>
         <uninitialized>true</uninitialized>
         <run_address>0x3d7fff</run_address>
         <size>0x1</size>
         <input_file_ref idref="fl-9"/>
      </object_component>
      <object_component id="oc-38">
         <name>.cinit</name>
         <load_address>0x3f126f</load_address>
         <run_address>0x3f126f</run_address>
         <size>0xec</size>
         <input_file_ref idref="fl-2"/>
      </object_component>
      <object_component id="oc-bd">
         <name>.cinit</name>
         <load_address>0x3f135b</load_address>
         <run_address>0x3f135b</run_address>
         <size>0x3e</size>
         <input_file_ref idref="fl-15"/>
      </object_component>
      <object_component id="oc-d9">
         <name>.cinit</name>
         <load_address>0x3f1399</load_address>
         <run_address>0x3f1399</run_address>
         <size>0xa</size>
         <input_file_ref idref="fl-24"/>
      </object_component>
      <object_component id="oc-cb">
         <name>.cinit</name>
         <load_address>0x3f13a3</load_address>
         <run_address>0x3f13a3</run_address>
         <size>0x8</size>
         <input_file_ref idref="fl-18"/>
      </object_component>
      <object_component id="oc-b5">
         <name>.cinit</name>
         <load_address>0x3f13ab</load_address>
         <run_address>0x3f13ab</run_address>
         <size>0x8</size>
         <input_file_ref idref="fl-14"/>
      </object_component>
      <object_component id="oc-115">
         <name>.cinit:__lock</name>
         <load_address>0x3f13b3</load_address>
         <run_address>0x3f13b3</run_address>
         <size>0x5</size>
         <input_file_ref idref="fl-2d"/>
      </object_component>
      <object_component id="oc-124">
         <name>.cinit:__unlock</name>
         <load_address>0x3f13b8</load_address>
         <run_address>0x3f13b8</run_address>
         <size>0x5</size>
         <input_file_ref idref="fl-2d"/>
      </object_component>
      <object_component id="oc-113">
         <name>.text</name>
         <load_address>0x3f0000</load_address>
         <run_address>0x3f0000</run_address>
         <size>0x430</size>
         <input_file_ref idref="fl-2"/>
      </object_component>
      <object_component id="oc-127">
         <name>.text</name>
         <load_address>0x3f0430</load_address>
         <run_address>0x3f0430</run_address>
         <size>0x207</size>
         <input_file_ref idref="fl-3"/>
      </object_component>
      <object_component id="oc-122">
         <name>.text</name>
         <load_address>0x3f0637</load_address>
         <run_address>0x3f0637</run_address>
         <size>0x169</size>
         <input_file_ref idref="fl-11"/>
      </object_component>
      <object_component id="oc-116">
         <name>.text</name>
         <load_address>0x3f07a0</load_address>
         <run_address>0x3f07a0</run_address>
         <size>0x130</size>
         <input_file_ref idref="fl-f"/>
      </object_component>
      <object_component id="oc-53">
         <name>.text:retain</name>
         <load_address>0x3f08d0</load_address>
         <run_address>0x3f08d0</run_address>
         <size>0xff</size>
         <input_file_ref idref="fl-7"/>
      </object_component>
      <object_component id="oc-11e">
         <name>.text</name>
         <load_address>0x3f09cf</load_address>
         <run_address>0x3f09cf</run_address>
         <size>0xb3</size>
         <input_file_ref idref="fl-17"/>
      </object_component>
      <object_component id="oc-b7">
         <name>.text:retain</name>
         <load_address>0x3f0a82</load_address>
         <run_address>0x3f0a82</run_address>
         <size>0x8a</size>
         <input_file_ref idref="fl-14"/>
      </object_component>
      <object_component id="oc-e9">
         <name>.text</name>
         <load_address>0x3f0b0c</load_address>
         <run_address>0x3f0b0c</run_address>
         <size>0x83</size>
         <input_file_ref idref="fl-27"/>
      </object_component>
      <object_component id="oc-11c">
         <name>.text</name>
         <load_address>0x3f0b8f</load_address>
         <run_address>0x3f0b8f</run_address>
         <size>0x82</size>
         <input_file_ref idref="fl-13"/>
      </object_component>
      <object_component id="oc-11b">
         <name>.text</name>
         <load_address>0x3f0c11</load_address>
         <run_address>0x3f0c11</run_address>
         <size>0x81</size>
         <input_file_ref idref="fl-8"/>
      </object_component>
      <object_component id="oc-df">
         <name>.text</name>
         <load_address>0x3f0c92</load_address>
         <run_address>0x3f0c92</run_address>
         <size>0x78</size>
         <input_file_ref idref="fl-25"/>
      </object_component>
      <object_component id="oc-126">
         <name>.text</name>
         <load_address>0x3f0d0a</load_address>
         <run_address>0x3f0d0a</run_address>
         <size>0x72</size>
         <input_file_ref idref="fl-6"/>
      </object_component>
      <object_component id="oc-ee">
         <name>.text</name>
         <load_address>0x3f0d7c</load_address>
         <run_address>0x3f0d7c</run_address>
         <size>0x5a</size>
         <input_file_ref idref="fl-28"/>
      </object_component>
      <object_component id="oc-121">
         <name>.text</name>
         <load_address>0x3f0dd6</load_address>
         <run_address>0x3f0dd6</run_address>
         <size>0x53</size>
         <input_file_ref idref="fl-18"/>
      </object_component>
      <object_component id="oc-11f">
         <name>.text</name>
         <load_address>0x3f0e29</load_address>
         <run_address>0x3f0e29</run_address>
         <size>0x51</size>
         <input_file_ref idref="fl-14"/>
      </object_component>
      <object_component id="oc-aa">
         <name>.text:retain</name>
         <load_address>0x3f0e7a</load_address>
         <run_address>0x3f0e7a</run_address>
         <size>0x45</size>
         <input_file_ref idref="fl-12"/>
      </object_component>
      <object_component id="oc-36">
         <name>.text</name>
         <load_address>0x3f0ebf</load_address>
         <run_address>0x3f0ebf</run_address>
         <size>0x44</size>
         <input_file_ref idref="fl-23"/>
      </object_component>
      <object_component id="oc-120">
         <name>.text</name>
         <load_address>0x3f0f03</load_address>
         <run_address>0x3f0f03</run_address>
         <size>0x29</size>
         <input_file_ref idref="fl-12"/>
      </object_component>
      <object_component id="oc-f8">
         <name>.text</name>
         <load_address>0x3f0f2c</load_address>
         <run_address>0x3f0f2c</run_address>
         <size>0x29</size>
         <input_file_ref idref="fl-2a"/>
      </object_component>
      <object_component id="oc-117">
         <name>.text</name>
         <load_address>0x3f0f55</load_address>
         <run_address>0x3f0f55</run_address>
         <size>0x28</size>
         <input_file_ref idref="fl-c"/>
      </object_component>
      <object_component id="oc-118">
         <name>.text</name>
         <load_address>0x3f0f7d</load_address>
         <run_address>0x3f0f7d</run_address>
         <size>0x28</size>
         <input_file_ref idref="fl-d"/>
      </object_component>
      <object_component id="oc-f3">
         <name>.text</name>
         <load_address>0x3f0fa5</load_address>
         <run_address>0x3f0fa5</run_address>
         <size>0x25</size>
         <input_file_ref idref="fl-29"/>
      </object_component>
      <object_component id="oc-fd">
         <name>.text</name>
         <load_address>0x3f0fca</load_address>
         <run_address>0x3f0fca</run_address>
         <size>0x22</size>
         <input_file_ref idref="fl-2b"/>
      </object_component>
      <object_component id="oc-125">
         <name>.text</name>
         <load_address>0x3f0fec</load_address>
         <run_address>0x3f0fec</run_address>
         <size>0x1a</size>
         <input_file_ref idref="fl-e"/>
      </object_component>
      <object_component id="oc-102">
         <name>.text</name>
         <load_address>0x3f1006</load_address>
         <run_address>0x3f1006</run_address>
         <size>0x1a</size>
         <input_file_ref idref="fl-2c"/>
      </object_component>
      <object_component id="oc-111">
         <name>.text</name>
         <load_address>0x3f1020</load_address>
         <run_address>0x3f1020</run_address>
         <size>0x19</size>
         <input_file_ref idref="fl-2e"/>
      </object_component>
      <object_component id="oc-112">
         <name>.text</name>
         <load_address>0x3f1039</load_address>
         <run_address>0x3f1039</run_address>
         <size>0x19</size>
         <input_file_ref idref="fl-24"/>
      </object_component>
      <object_component id="oc-11d">
         <name>.text</name>
         <load_address>0x3f1052</load_address>
         <run_address>0x3f1052</run_address>
         <size>0x17</size>
         <input_file_ref idref="fl-a"/>
      </object_component>
      <object_component id="oc-e4">
         <name>.text</name>
         <load_address>0x3f1069</load_address>
         <run_address>0x3f1069</run_address>
         <size>0x17</size>
         <input_file_ref idref="fl-26"/>
      </object_component>
      <object_component id="oc-119">
         <name>.text</name>
         <load_address>0x3f1080</load_address>
         <run_address>0x3f1080</run_address>
         <size>0x15</size>
         <input_file_ref idref="fl-b"/>
      </object_component>
      <object_component id="oc-cd">
         <name>.text:retain</name>
         <load_address>0x3f1095</load_address>
         <run_address>0x3f1095</run_address>
         <size>0xd</size>
         <input_file_ref idref="fl-18"/>
      </object_component>
      <object_component id="oc-123">
         <name>.text</name>
         <load_address>0x3f10a2</load_address>
         <run_address>0x3f10a2</run_address>
         <size>0x9</size>
         <input_file_ref idref="fl-2d"/>
      </object_component>
      <object_component id="oc-46">
         <name>.text</name>
         <load_address>0x3f10ab</load_address>
         <run_address>0x3f10ab</run_address>
         <size>0x8</size>
         <input_file_ref idref="fl-5"/>
      </object_component>
      <object_component id="oc-47">
         <name>codestart</name>
         <load_address>0x3f7ff6</load_address>
         <run_address>0x3f7ff6</run_address>
         <size>0x2</size>
         <input_file_ref idref="fl-5"/>
      </object_component>
      <object_component id="oc-11a">
         <name>ramfuncs</name>
         <load_address>0x3f10b3</load_address>
         <run_address>0x8000</run_address>
         <size>0x1b</size>
         <input_file_ref idref="fl-f"/>
      </object_component>
      <object_component id="oc-9f">
         <name>ramfuncs</name>
         <load_address>0x3f10ce</load_address>
         <run_address>0x801b</run_address>
         <size>0x4</size>
         <input_file_ref idref="fl-10"/>
      </object_component>
      <object_component id="oc-44">
         <name>csmpasswds</name>
         <load_address>0x3f7ff8</load_address>
         <run_address>0x3f7ff8</run_address>
         <size>0x8</size>
         <input_file_ref idref="fl-4"/>
      </object_component>
      <object_component id="oc-45">
         <name>csm_rsvd</name>
         <load_address>0x3f7f80</load_address>
         <run_address>0x3f7f80</run_address>
         <size>0x76</size>
         <input_file_ref idref="fl-4"/>
      </object_component>
      <object_component id="oc-d2">
         <name>.stack</name>
         <uninitialized>true</uninitialized>
         <run_address>0x50</run_address>
         <size>0x0</size>
         <input_file_ref idref="fl-23"/>
      </object_component>
      <object_component id="oc-165">
         <name>.stack</name>
         <uninitialized>true</uninitialized>
         <run_address>0x50</run_address>
         <size>0x0</size>
      </object_component>
      <object_component id="oc-39">
         <name>.ebss</name>
         <uninitialized>true</uninitialized>
         <run_address>0x8a40</run_address>
         <size>0x64</size>
         <input_file_ref idref="fl-2"/>
      </object_component>
      <object_component id="oc-4d">
         <name>.ebss</name>
         <uninitialized>true</uninitialized>
         <run_address>0x8aa4</run_address>
         <size>0x18</size>
         <input_file_ref idref="fl-6"/>
      </object_component>
      <object_component id="oc-b6">
         <name>.ebss</name>
         <uninitialized>true</uninitialized>
         <run_address>0x8800</run_address>
         <size>0x238</size>
         <input_file_ref idref="fl-14"/>
      </object_component>
      <object_component id="oc-be">
         <name>.ebss</name>
         <uninitialized>true</uninitialized>
         <run_address>0x8ac0</run_address>
         <size>0x3e</size>
         <input_file_ref idref="fl-15"/>
      </object_component>
      <object_component id="oc-cc">
         <name>.ebss</name>
         <uninitialized>true</uninitialized>
         <run_address>0x8a3c</run_address>
         <size>0x2</size>
         <input_file_ref idref="fl-18"/>
      </object_component>
      <object_component id="oc-da">
         <name>.ebss</name>
         <uninitialized>true</uninitialized>
         <run_address>0x8a38</run_address>
         <size>0x4</size>
         <input_file_ref idref="fl-24"/>
      </object_component>
      <object_component id="oc-128">
         <name>.ebss:__unlock</name>
         <uninitialized>true</uninitialized>
         <run_address>0x8abc</run_address>
         <size>0x2</size>
         <input_file_ref idref="fl-2d"/>
      </object_component>
      <object_component id="oc-114">
         <name>.ebss:__lock</name>
         <uninitialized>true</uninitialized>
         <run_address>0x8a3e</run_address>
         <size>0x2</size>
         <input_file_ref idref="fl-2d"/>
      </object_component>
      <object_component id="oc-90">
         <name>.econst</name>
         <load_address>0x3f10d2</load_address>
         <run_address>0x3f10d2</run_address>
         <size>0x100</size>
         <input_file_ref idref="fl-d"/>
      </object_component>
      <object_component id="oc-3a">
         <name>.econst:.string</name>
         <load_address>0x3f11d2</load_address>
         <run_address>0x3f11d2</run_address>
         <size>0x9d</size>
         <input_file_ref idref="fl-2"/>
      </object_component>
      <object_component id="oc-d3">
         <name>.reset</name>
         <load_address>0x3fffc0</load_address>
         <run_address>0x3fffc0</run_address>
         <size>0x2</size>
         <input_file_ref idref="fl-23"/>
      </object_component>
      <object_component id="oc-37">
         <name>.debug_info</name>
         <load_address>0x0</load_address>
         <run_address>0x0</run_address>
         <size>0x3304</size>
         <input_file_ref idref="fl-2"/>
      </object_component>
      <object_component id="oc-3f">
         <name>.debug_info</name>
         <load_address>0x3304</load_address>
         <run_address>0x3304</run_address>
         <size>0x3ff1</size>
         <input_file_ref idref="fl-3"/>
      </object_component>
      <object_component id="oc-48">
         <name>.debug_info</name>
         <load_address>0x72f5</load_address>
         <run_address>0x72f5</run_address>
         <size>0x139</size>
         <input_file_ref idref="fl-5"/>
      </object_component>
      <object_component id="oc-4c">
         <name>.debug_info</name>
         <load_address>0x742e</load_address>
         <run_address>0x742e</run_address>
         <size>0x90f</size>
         <input_file_ref idref="fl-6"/>
      </object_component>
      <object_component id="oc-52">
         <name>.debug_info</name>
         <load_address>0x7d3d</load_address>
         <run_address>0x7d3d</run_address>
         <size>0x17d5</size>
         <input_file_ref idref="fl-7"/>
      </object_component>
      <object_component id="oc-58">
         <name>.debug_info</name>
         <load_address>0x9512</load_address>
         <run_address>0x9512</run_address>
         <size>0x1711</size>
         <input_file_ref idref="fl-8"/>
      </object_component>
      <object_component id="oc-5d">
         <name>.debug_info</name>
         <load_address>0xac23</load_address>
         <run_address>0xac23</run_address>
         <size>0xb02c</size>
         <input_file_ref idref="fl-9"/>
      </object_component>
      <object_component id="oc-80">
         <name>.debug_info</name>
         <load_address>0x15c4f</load_address>
         <run_address>0x15c4f</run_address>
         <size>0x1432</size>
         <input_file_ref idref="fl-a"/>
      </object_component>
      <object_component id="oc-85">
         <name>.debug_info</name>
         <load_address>0x17081</load_address>
         <run_address>0x17081</run_address>
         <size>0x3c4</size>
         <input_file_ref idref="fl-b"/>
      </object_component>
      <object_component id="oc-8a">
         <name>.debug_info</name>
         <load_address>0x17445</load_address>
         <run_address>0x17445</run_address>
         <size>0xab3</size>
         <input_file_ref idref="fl-c"/>
      </object_component>
      <object_component id="oc-8f">
         <name>.debug_info</name>
         <load_address>0x17ef8</load_address>
         <run_address>0x17ef8</run_address>
         <size>0x1e93</size>
         <input_file_ref idref="fl-d"/>
      </object_component>
      <object_component id="oc-95">
         <name>.debug_info</name>
         <load_address>0x19d8b</load_address>
         <run_address>0x19d8b</run_address>
         <size>0x14ad</size>
         <input_file_ref idref="fl-e"/>
      </object_component>
      <object_component id="oc-9a">
         <name>.debug_info</name>
         <load_address>0x1b238</load_address>
         <run_address>0x1b238</run_address>
         <size>0x2f60</size>
         <input_file_ref idref="fl-f"/>
      </object_component>
      <object_component id="oc-a0">
         <name>.debug_info</name>
         <load_address>0x1e198</load_address>
         <run_address>0x1e198</run_address>
         <size>0xf9</size>
         <input_file_ref idref="fl-10"/>
      </object_component>
      <object_component id="oc-a4">
         <name>.debug_info</name>
         <load_address>0x1e291</load_address>
         <run_address>0x1e291</run_address>
         <size>0x27fd</size>
         <input_file_ref idref="fl-11"/>
      </object_component>
      <object_component id="oc-a9">
         <name>.debug_info</name>
         <load_address>0x20a8e</load_address>
         <run_address>0x20a8e</run_address>
         <size>0x3240</size>
         <input_file_ref idref="fl-12"/>
      </object_component>
      <object_component id="oc-af">
         <name>.debug_info</name>
         <load_address>0x23cce</load_address>
         <run_address>0x23cce</run_address>
         <size>0x1148</size>
         <input_file_ref idref="fl-13"/>
      </object_component>
      <object_component id="oc-b4">
         <name>.debug_info</name>
         <load_address>0x24e16</load_address>
         <run_address>0x24e16</run_address>
         <size>0x2ab7</size>
         <input_file_ref idref="fl-14"/>
      </object_component>
      <object_component id="oc-bc">
         <name>.debug_info</name>
         <load_address>0x278cd</load_address>
         <run_address>0x278cd</run_address>
         <size>0x213</size>
         <input_file_ref idref="fl-15"/>
      </object_component>
      <object_component id="oc-c0">
         <name>.debug_info</name>
         <load_address>0x27ae0</load_address>
         <run_address>0x27ae0</run_address>
         <size>0x31b</size>
         <input_file_ref idref="fl-16"/>
      </object_component>
      <object_component id="oc-c5">
         <name>.debug_info</name>
         <load_address>0x27dfb</load_address>
         <run_address>0x27dfb</run_address>
         <size>0xf5a</size>
         <input_file_ref idref="fl-17"/>
      </object_component>
      <object_component id="oc-ca">
         <name>.debug_info</name>
         <load_address>0x28d55</load_address>
         <run_address>0x28d55</run_address>
         <size>0x42cc</size>
         <input_file_ref idref="fl-18"/>
      </object_component>
      <object_component id="oc-d4">
         <name>.debug_info</name>
         <load_address>0x2d021</load_address>
         <run_address>0x2d021</run_address>
         <size>0x112</size>
         <input_file_ref idref="fl-23"/>
      </object_component>
      <object_component id="oc-d8">
         <name>.debug_info</name>
         <load_address>0x2d133</load_address>
         <run_address>0x2d133</run_address>
         <size>0x407</size>
         <input_file_ref idref="fl-24"/>
      </object_component>
      <object_component id="oc-e0">
         <name>.debug_info</name>
         <load_address>0x2d53a</load_address>
         <run_address>0x2d53a</run_address>
         <size>0xf4</size>
         <input_file_ref idref="fl-25"/>
      </object_component>
      <object_component id="oc-e5">
         <name>.debug_info</name>
         <load_address>0x2d62e</load_address>
         <run_address>0x2d62e</run_address>
         <size>0xf4</size>
         <input_file_ref idref="fl-26"/>
      </object_component>
      <object_component id="oc-ea">
         <name>.debug_info</name>
         <load_address>0x2d722</load_address>
         <run_address>0x2d722</run_address>
         <size>0xf4</size>
         <input_file_ref idref="fl-27"/>
      </object_component>
      <object_component id="oc-ef">
         <name>.debug_info</name>
         <load_address>0x2d816</load_address>
         <run_address>0x2d816</run_address>
         <size>0xf4</size>
         <input_file_ref idref="fl-28"/>
      </object_component>
      <object_component id="oc-f4">
         <name>.debug_info</name>
         <load_address>0x2d90a</load_address>
         <run_address>0x2d90a</run_address>
         <size>0x100</size>
         <input_file_ref idref="fl-29"/>
      </object_component>
      <object_component id="oc-f9">
         <name>.debug_info</name>
         <load_address>0x2da0a</load_address>
         <run_address>0x2da0a</run_address>
         <size>0x100</size>
         <input_file_ref idref="fl-2a"/>
      </object_component>
      <object_component id="oc-fe">
         <name>.debug_info</name>
         <load_address>0x2db0a</load_address>
         <run_address>0x2db0a</run_address>
         <size>0x123</size>
         <input_file_ref idref="fl-2b"/>
      </object_component>
      <object_component id="oc-103">
         <name>.debug_info</name>
         <load_address>0x2dc2d</load_address>
         <run_address>0x2dc2d</run_address>
         <size>0xfa</size>
         <input_file_ref idref="fl-2c"/>
      </object_component>
      <object_component id="oc-107">
         <name>.debug_info</name>
         <load_address>0x2dd27</load_address>
         <run_address>0x2dd27</run_address>
         <size>0x431</size>
         <input_file_ref idref="fl-2d"/>
      </object_component>
      <object_component id="oc-10c">
         <name>.debug_info</name>
         <load_address>0x2e158</load_address>
         <run_address>0x2e158</run_address>
         <size>0x3fe</size>
         <input_file_ref idref="fl-2e"/>
      </object_component>
      <object_component id="oc-166">
         <name>.debug_info</name>
         <load_address>0x2e556</load_address>
         <run_address>0x2e556</run_address>
         <size>0xa2</size>
      </object_component>
      <object_component id="oc-3b">
         <name>.debug_frame</name>
         <load_address>0x0</load_address>
         <run_address>0x0</run_address>
         <size>0x81</size>
         <input_file_ref idref="fl-2"/>
      </object_component>
      <object_component id="oc-40">
         <name>.debug_frame</name>
         <load_address>0x81</load_address>
         <run_address>0x81</run_address>
         <size>0xe0</size>
         <input_file_ref idref="fl-3"/>
      </object_component>
      <object_component id="oc-4e">
         <name>.debug_frame</name>
         <load_address>0x161</load_address>
         <run_address>0x161</run_address>
         <size>0x93</size>
         <input_file_ref idref="fl-6"/>
      </object_component>
      <object_component id="oc-54">
         <name>.debug_frame</name>
         <load_address>0x1f4</load_address>
         <run_address>0x1f4</run_address>
         <size>0x491</size>
         <input_file_ref idref="fl-7"/>
      </object_component>
      <object_component id="oc-59">
         <name>.debug_frame</name>
         <load_address>0x685</load_address>
         <run_address>0x685</run_address>
         <size>0x10a</size>
         <input_file_ref idref="fl-8"/>
      </object_component>
      <object_component id="oc-81">
         <name>.debug_frame</name>
         <load_address>0x78f</load_address>
         <run_address>0x78f</run_address>
         <size>0x8c</size>
         <input_file_ref idref="fl-a"/>
      </object_component>
      <object_component id="oc-86">
         <name>.debug_frame</name>
         <load_address>0x81b</load_address>
         <run_address>0x81b</run_address>
         <size>0x7d</size>
         <input_file_ref idref="fl-b"/>
      </object_component>
      <object_component id="oc-8b">
         <name>.debug_frame</name>
         <load_address>0x898</load_address>
         <run_address>0x898</run_address>
         <size>0x8c</size>
         <input_file_ref idref="fl-c"/>
      </object_component>
      <object_component id="oc-91">
         <name>.debug_frame</name>
         <load_address>0x924</load_address>
         <run_address>0x924</run_address>
         <size>0x7d</size>
         <input_file_ref idref="fl-d"/>
      </object_component>
      <object_component id="oc-96">
         <name>.debug_frame</name>
         <load_address>0x9a1</load_address>
         <run_address>0x9a1</run_address>
         <size>0xa1</size>
         <input_file_ref idref="fl-e"/>
      </object_component>
      <object_component id="oc-9b">
         <name>.debug_frame</name>
         <load_address>0xa42</load_address>
         <run_address>0xa42</run_address>
         <size>0x156</size>
         <input_file_ref idref="fl-f"/>
      </object_component>
      <object_component id="oc-a5">
         <name>.debug_frame</name>
         <load_address>0xb98</load_address>
         <run_address>0xb98</run_address>
         <size>0x13d</size>
         <input_file_ref idref="fl-11"/>
      </object_component>
      <object_component id="oc-ab">
         <name>.debug_frame</name>
         <load_address>0xcd5</load_address>
         <run_address>0xcd5</run_address>
         <size>0xc4</size>
         <input_file_ref idref="fl-12"/>
      </object_component>
      <object_component id="oc-b0">
         <name>.debug_frame</name>
         <load_address>0xd99</load_address>
         <run_address>0xd99</run_address>
         <size>0x10d</size>
         <input_file_ref idref="fl-13"/>
      </object_component>
      <object_component id="oc-b8">
         <name>.debug_frame</name>
         <load_address>0xea6</load_address>
         <run_address>0xea6</run_address>
         <size>0xf6</size>
         <input_file_ref idref="fl-14"/>
      </object_component>
      <object_component id="oc-c1">
         <name>.debug_frame</name>
         <load_address>0xf9c</load_address>
         <run_address>0xf9c</run_address>
         <size>0x62</size>
         <input_file_ref idref="fl-16"/>
      </object_component>
      <object_component id="oc-c6">
         <name>.debug_frame</name>
         <load_address>0xffe</load_address>
         <run_address>0xffe</run_address>
         <size>0xe4</size>
         <input_file_ref idref="fl-17"/>
      </object_component>
      <object_component id="oc-ce">
         <name>.debug_frame</name>
         <load_address>0x10e2</load_address>
         <run_address>0x10e2</run_address>
         <size>0x8c</size>
         <input_file_ref idref="fl-18"/>
      </object_component>
      <object_component id="oc-db">
         <name>.debug_frame</name>
         <load_address>0x116e</load_address>
         <run_address>0x116e</run_address>
         <size>0x95</size>
         <input_file_ref idref="fl-24"/>
      </object_component>
      <object_component id="oc-108">
         <name>.debug_frame</name>
         <load_address>0x1203</load_address>
         <run_address>0x1203</run_address>
         <size>0xa1</size>
         <input_file_ref idref="fl-2d"/>
      </object_component>
      <object_component id="oc-10d">
         <name>.debug_frame</name>
         <load_address>0x12a4</load_address>
         <run_address>0x12a4</run_address>
         <size>0x77</size>
         <input_file_ref idref="fl-2e"/>
      </object_component>
      <object_component id="oc-3c">
         <name>.debug_line</name>
         <load_address>0x0</load_address>
         <run_address>0x0</run_address>
         <size>0x3bf</size>
         <input_file_ref idref="fl-2"/>
      </object_component>
      <object_component id="oc-41">
         <name>.debug_line</name>
         <load_address>0x3bf</load_address>
         <run_address>0x3bf</run_address>
         <size>0x164</size>
         <input_file_ref idref="fl-3"/>
      </object_component>
      <object_component id="oc-49">
         <name>.debug_line</name>
         <load_address>0x523</load_address>
         <run_address>0x523</run_address>
         <size>0x68</size>
         <input_file_ref idref="fl-5"/>
      </object_component>
      <object_component id="oc-4f">
         <name>.debug_line</name>
         <load_address>0x58b</load_address>
         <run_address>0x58b</run_address>
         <size>0x8f</size>
         <input_file_ref idref="fl-6"/>
      </object_component>
      <object_component id="oc-55">
         <name>.debug_line</name>
         <load_address>0x61a</load_address>
         <run_address>0x61a</run_address>
         <size>0x4c6</size>
         <input_file_ref idref="fl-7"/>
      </object_component>
      <object_component id="oc-5a">
         <name>.debug_line</name>
         <load_address>0xae0</load_address>
         <run_address>0xae0</run_address>
         <size>0x125</size>
         <input_file_ref idref="fl-8"/>
      </object_component>
      <object_component id="oc-82">
         <name>.debug_line</name>
         <load_address>0xc05</load_address>
         <run_address>0xc05</run_address>
         <size>0x67</size>
         <input_file_ref idref="fl-a"/>
      </object_component>
      <object_component id="oc-87">
         <name>.debug_line</name>
         <load_address>0xc6c</load_address>
         <run_address>0xc6c</run_address>
         <size>0x5e</size>
         <input_file_ref idref="fl-b"/>
      </object_component>
      <object_component id="oc-8c">
         <name>.debug_line</name>
         <load_address>0xcca</load_address>
         <run_address>0xcca</run_address>
         <size>0x8d</size>
         <input_file_ref idref="fl-c"/>
      </object_component>
      <object_component id="oc-92">
         <name>.debug_line</name>
         <load_address>0xd57</load_address>
         <run_address>0xd57</run_address>
         <size>0x71</size>
         <input_file_ref idref="fl-d"/>
      </object_component>
      <object_component id="oc-97">
         <name>.debug_line</name>
         <load_address>0xdc8</load_address>
         <run_address>0xdc8</run_address>
         <size>0x84</size>
         <input_file_ref idref="fl-e"/>
      </object_component>
      <object_component id="oc-9c">
         <name>.debug_line</name>
         <load_address>0xe4c</load_address>
         <run_address>0xe4c</run_address>
         <size>0x1e6</size>
         <input_file_ref idref="fl-f"/>
      </object_component>
      <object_component id="oc-a1">
         <name>.debug_line</name>
         <load_address>0x1032</load_address>
         <run_address>0x1032</run_address>
         <size>0x4f</size>
         <input_file_ref idref="fl-10"/>
      </object_component>
      <object_component id="oc-a6">
         <name>.debug_line</name>
         <load_address>0x1081</load_address>
         <run_address>0x1081</run_address>
         <size>0x16e</size>
         <input_file_ref idref="fl-11"/>
      </object_component>
      <object_component id="oc-ac">
         <name>.debug_line</name>
         <load_address>0x11ef</load_address>
         <run_address>0x11ef</run_address>
         <size>0x7f</size>
         <input_file_ref idref="fl-12"/>
      </object_component>
      <object_component id="oc-b1">
         <name>.debug_line</name>
         <load_address>0x126e</load_address>
         <run_address>0x126e</run_address>
         <size>0x110</size>
         <input_file_ref idref="fl-13"/>
      </object_component>
      <object_component id="oc-b9">
         <name>.debug_line</name>
         <load_address>0x137e</load_address>
         <run_address>0x137e</run_address>
         <size>0xd6</size>
         <input_file_ref idref="fl-14"/>
      </object_component>
      <object_component id="oc-c2">
         <name>.debug_line</name>
         <load_address>0x1454</load_address>
         <run_address>0x1454</run_address>
         <size>0x35</size>
         <input_file_ref idref="fl-16"/>
      </object_component>
      <object_component id="oc-c7">
         <name>.debug_line</name>
         <load_address>0x1489</load_address>
         <run_address>0x1489</run_address>
         <size>0x11e</size>
         <input_file_ref idref="fl-17"/>
      </object_component>
      <object_component id="oc-cf">
         <name>.debug_line</name>
         <load_address>0x15a7</load_address>
         <run_address>0x15a7</run_address>
         <size>0x75</size>
         <input_file_ref idref="fl-18"/>
      </object_component>
      <object_component id="oc-d5">
         <name>.debug_line</name>
         <load_address>0x161c</load_address>
         <run_address>0x161c</run_address>
         <size>0x73</size>
         <input_file_ref idref="fl-23"/>
      </object_component>
      <object_component id="oc-dc">
         <name>.debug_line</name>
         <load_address>0x168f</load_address>
         <run_address>0x168f</run_address>
         <size>0x5d</size>
         <input_file_ref idref="fl-24"/>
      </object_component>
      <object_component id="oc-e1">
         <name>.debug_line</name>
         <load_address>0x16ec</load_address>
         <run_address>0x16ec</run_address>
         <size>0xa9</size>
         <input_file_ref idref="fl-25"/>
      </object_component>
      <object_component id="oc-e6">
         <name>.debug_line</name>
         <load_address>0x1795</load_address>
         <run_address>0x1795</run_address>
         <size>0x52</size>
         <input_file_ref idref="fl-26"/>
      </object_component>
      <object_component id="oc-eb">
         <name>.debug_line</name>
         <load_address>0x17e7</load_address>
         <run_address>0x17e7</run_address>
         <size>0xab</size>
         <input_file_ref idref="fl-27"/>
      </object_component>
      <object_component id="oc-f0">
         <name>.debug_line</name>
         <load_address>0x1892</load_address>
         <run_address>0x1892</run_address>
         <size>0x8d</size>
         <input_file_ref idref="fl-28"/>
      </object_component>
      <object_component id="oc-f5">
         <name>.debug_line</name>
         <load_address>0x191f</load_address>
         <run_address>0x191f</run_address>
         <size>0x5e</size>
         <input_file_ref idref="fl-29"/>
      </object_component>
      <object_component id="oc-fa">
         <name>.debug_line</name>
         <load_address>0x197d</load_address>
         <run_address>0x197d</run_address>
         <size>0x60</size>
         <input_file_ref idref="fl-2a"/>
      </object_component>
      <object_component id="oc-ff">
         <name>.debug_line</name>
         <load_address>0x19dd</load_address>
         <run_address>0x19dd</run_address>
         <size>0x69</size>
         <input_file_ref idref="fl-2b"/>
      </object_component>
      <object_component id="oc-104">
         <name>.debug_line</name>
         <load_address>0x1a46</load_address>
         <run_address>0x1a46</run_address>
         <size>0x52</size>
         <input_file_ref idref="fl-2c"/>
      </object_component>
      <object_component id="oc-109">
         <name>.debug_line</name>
         <load_address>0x1a98</load_address>
         <run_address>0x1a98</run_address>
         <size>0x5e</size>
         <input_file_ref idref="fl-2d"/>
      </object_component>
      <object_component id="oc-10e">
         <name>.debug_line</name>
         <load_address>0x1af6</load_address>
         <run_address>0x1af6</run_address>
         <size>0x59</size>
         <input_file_ref idref="fl-2e"/>
      </object_component>
      <object_component id="oc-3d">
         <name>.debug_abbrev</name>
         <load_address>0x0</load_address>
         <run_address>0x0</run_address>
         <size>0x11c</size>
         <input_file_ref idref="fl-2"/>
      </object_component>
      <object_component id="oc-42">
         <name>.debug_abbrev</name>
         <load_address>0x11c</load_address>
         <run_address>0x11c</run_address>
         <size>0x155</size>
         <input_file_ref idref="fl-3"/>
      </object_component>
      <object_component id="oc-4a">
         <name>.debug_abbrev</name>
         <load_address>0x271</load_address>
         <run_address>0x271</run_address>
         <size>0x20</size>
         <input_file_ref idref="fl-5"/>
      </object_component>
      <object_component id="oc-50">
         <name>.debug_abbrev</name>
         <load_address>0x291</load_address>
         <run_address>0x291</run_address>
         <size>0x10b</size>
         <input_file_ref idref="fl-6"/>
      </object_component>
      <object_component id="oc-56">
         <name>.debug_abbrev</name>
         <load_address>0x39c</load_address>
         <run_address>0x39c</run_address>
         <size>0xde</size>
         <input_file_ref idref="fl-7"/>
      </object_component>
      <object_component id="oc-5b">
         <name>.debug_abbrev</name>
         <load_address>0x47a</load_address>
         <run_address>0x47a</run_address>
         <size>0xea</size>
         <input_file_ref idref="fl-8"/>
      </object_component>
      <object_component id="oc-7f">
         <name>.debug_abbrev</name>
         <load_address>0x564</load_address>
         <run_address>0x564</run_address>
         <size>0xb7</size>
         <input_file_ref idref="fl-9"/>
      </object_component>
      <object_component id="oc-83">
         <name>.debug_abbrev</name>
         <load_address>0x61b</load_address>
         <run_address>0x61b</run_address>
         <size>0xdc</size>
         <input_file_ref idref="fl-a"/>
      </object_component>
      <object_component id="oc-88">
         <name>.debug_abbrev</name>
         <load_address>0x6f7</load_address>
         <run_address>0x6f7</run_address>
         <size>0x93</size>
         <input_file_ref idref="fl-b"/>
      </object_component>
      <object_component id="oc-8d">
         <name>.debug_abbrev</name>
         <load_address>0x78a</load_address>
         <run_address>0x78a</run_address>
         <size>0xc8</size>
         <input_file_ref idref="fl-c"/>
      </object_component>
      <object_component id="oc-93">
         <name>.debug_abbrev</name>
         <load_address>0x852</load_address>
         <run_address>0x852</run_address>
         <size>0x116</size>
         <input_file_ref idref="fl-d"/>
      </object_component>
      <object_component id="oc-98">
         <name>.debug_abbrev</name>
         <load_address>0x968</load_address>
         <run_address>0x968</run_address>
         <size>0xea</size>
         <input_file_ref idref="fl-e"/>
      </object_component>
      <object_component id="oc-9d">
         <name>.debug_abbrev</name>
         <load_address>0xa52</load_address>
         <run_address>0xa52</run_address>
         <size>0x1a3</size>
         <input_file_ref idref="fl-f"/>
      </object_component>
      <object_component id="oc-a2">
         <name>.debug_abbrev</name>
         <load_address>0xbf5</load_address>
         <run_address>0xbf5</run_address>
         <size>0x2e</size>
         <input_file_ref idref="fl-10"/>
      </object_component>
      <object_component id="oc-a7">
         <name>.debug_abbrev</name>
         <load_address>0xc23</load_address>
         <run_address>0xc23</run_address>
         <size>0xf8</size>
         <input_file_ref idref="fl-11"/>
      </object_component>
      <object_component id="oc-ad">
         <name>.debug_abbrev</name>
         <load_address>0xd1b</load_address>
         <run_address>0xd1b</run_address>
         <size>0x121</size>
         <input_file_ref idref="fl-12"/>
      </object_component>
      <object_component id="oc-b2">
         <name>.debug_abbrev</name>
         <load_address>0xe3c</load_address>
         <run_address>0xe3c</run_address>
         <size>0x128</size>
         <input_file_ref idref="fl-13"/>
      </object_component>
      <object_component id="oc-ba">
         <name>.debug_abbrev</name>
         <load_address>0xf64</load_address>
         <run_address>0xf64</run_address>
         <size>0x164</size>
         <input_file_ref idref="fl-14"/>
      </object_component>
      <object_component id="oc-bf">
         <name>.debug_abbrev</name>
         <load_address>0x10c8</load_address>
         <run_address>0x10c8</run_address>
         <size>0x52</size>
         <input_file_ref idref="fl-15"/>
      </object_component>
      <object_component id="oc-c3">
         <name>.debug_abbrev</name>
         <load_address>0x111a</load_address>
         <run_address>0x111a</run_address>
         <size>0xda</size>
         <input_file_ref idref="fl-16"/>
      </object_component>
      <object_component id="oc-c8">
         <name>.debug_abbrev</name>
         <load_address>0x11f4</load_address>
         <run_address>0x11f4</run_address>
         <size>0x12f</size>
         <input_file_ref idref="fl-17"/>
      </object_component>
      <object_component id="oc-d0">
         <name>.debug_abbrev</name>
         <load_address>0x1323</load_address>
         <run_address>0x1323</run_address>
         <size>0x14d</size>
         <input_file_ref idref="fl-18"/>
      </object_component>
      <object_component id="oc-d6">
         <name>.debug_abbrev</name>
         <load_address>0x1470</load_address>
         <run_address>0x1470</run_address>
         <size>0x45</size>
         <input_file_ref idref="fl-23"/>
      </object_component>
      <object_component id="oc-dd">
         <name>.debug_abbrev</name>
         <load_address>0x14b5</load_address>
         <run_address>0x14b5</run_address>
         <size>0x117</size>
         <input_file_ref idref="fl-24"/>
      </object_component>
      <object_component id="oc-e2">
         <name>.debug_abbrev</name>
         <load_address>0x15cc</load_address>
         <run_address>0x15cc</run_address>
         <size>0x37</size>
         <input_file_ref idref="fl-25"/>
      </object_component>
      <object_component id="oc-e7">
         <name>.debug_abbrev</name>
         <load_address>0x1603</load_address>
         <run_address>0x1603</run_address>
         <size>0x37</size>
         <input_file_ref idref="fl-26"/>
      </object_component>
      <object_component id="oc-ec">
         <name>.debug_abbrev</name>
         <load_address>0x163a</load_address>
         <run_address>0x163a</run_address>
         <size>0x37</size>
         <input_file_ref idref="fl-27"/>
      </object_component>
      <object_component id="oc-f1">
         <name>.debug_abbrev</name>
         <load_address>0x1671</load_address>
         <run_address>0x1671</run_address>
         <size>0x37</size>
         <input_file_ref idref="fl-28"/>
      </object_component>
      <object_component id="oc-f6">
         <name>.debug_abbrev</name>
         <load_address>0x16a8</load_address>
         <run_address>0x16a8</run_address>
         <size>0x37</size>
         <input_file_ref idref="fl-29"/>
      </object_component>
      <object_component id="oc-fb">
         <name>.debug_abbrev</name>
         <load_address>0x16df</load_address>
         <run_address>0x16df</run_address>
         <size>0x37</size>
         <input_file_ref idref="fl-2a"/>
      </object_component>
      <object_component id="oc-100">
         <name>.debug_abbrev</name>
         <load_address>0x1716</load_address>
         <run_address>0x1716</run_address>
         <size>0x37</size>
         <input_file_ref idref="fl-2b"/>
      </object_component>
      <object_component id="oc-105">
         <name>.debug_abbrev</name>
         <load_address>0x174d</load_address>
         <run_address>0x174d</run_address>
         <size>0x37</size>
         <input_file_ref idref="fl-2c"/>
      </object_component>
      <object_component id="oc-10a">
         <name>.debug_abbrev</name>
         <load_address>0x1784</load_address>
         <run_address>0x1784</run_address>
         <size>0xb2</size>
         <input_file_ref idref="fl-2d"/>
      </object_component>
      <object_component id="oc-10f">
         <name>.debug_abbrev</name>
         <load_address>0x1836</load_address>
         <run_address>0x1836</run_address>
         <size>0xfe</size>
         <input_file_ref idref="fl-2e"/>
      </object_component>
      <object_component id="oc-167">
         <name>.debug_abbrev</name>
         <load_address>0x1934</load_address>
         <run_address>0x1934</run_address>
         <size>0xf</size>
      </object_component>
      <object_component id="oc-3e">
         <name>.debug_aranges</name>
         <load_address>0x0</load_address>
         <run_address>0x0</run_address>
         <size>0x20</size>
         <input_file_ref idref="fl-2"/>
      </object_component>
      <object_component id="oc-43">
         <name>.debug_aranges</name>
         <load_address>0x20</load_address>
         <run_address>0x20</run_address>
         <size>0x40</size>
         <input_file_ref idref="fl-3"/>
      </object_component>
      <object_component id="oc-4b">
         <name>.debug_aranges</name>
         <load_address>0x60</load_address>
         <run_address>0x60</run_address>
         <size>0x28</size>
         <input_file_ref idref="fl-5"/>
      </object_component>
      <object_component id="oc-51">
         <name>.debug_aranges</name>
         <load_address>0x88</load_address>
         <run_address>0x88</run_address>
         <size>0x28</size>
         <input_file_ref idref="fl-6"/>
      </object_component>
      <object_component id="oc-57">
         <name>.debug_aranges</name>
         <load_address>0xb0</load_address>
         <run_address>0xb0</run_address>
         <size>0x1b0</size>
         <input_file_ref idref="fl-7"/>
      </object_component>
      <object_component id="oc-5c">
         <name>.debug_aranges</name>
         <load_address>0x260</load_address>
         <run_address>0x260</run_address>
         <size>0x58</size>
         <input_file_ref idref="fl-8"/>
      </object_component>
      <object_component id="oc-84">
         <name>.debug_aranges</name>
         <load_address>0x2b8</load_address>
         <run_address>0x2b8</run_address>
         <size>0x28</size>
         <input_file_ref idref="fl-a"/>
      </object_component>
      <object_component id="oc-89">
         <name>.debug_aranges</name>
         <load_address>0x2e0</load_address>
         <run_address>0x2e0</run_address>
         <size>0x20</size>
         <input_file_ref idref="fl-b"/>
      </object_component>
      <object_component id="oc-8e">
         <name>.debug_aranges</name>
         <load_address>0x300</load_address>
         <run_address>0x300</run_address>
         <size>0x28</size>
         <input_file_ref idref="fl-c"/>
      </object_component>
      <object_component id="oc-94">
         <name>.debug_aranges</name>
         <load_address>0x328</load_address>
         <run_address>0x328</run_address>
         <size>0x20</size>
         <input_file_ref idref="fl-d"/>
      </object_component>
      <object_component id="oc-99">
         <name>.debug_aranges</name>
         <load_address>0x348</load_address>
         <run_address>0x348</run_address>
         <size>0x30</size>
         <input_file_ref idref="fl-e"/>
      </object_component>
      <object_component id="oc-9e">
         <name>.debug_aranges</name>
         <load_address>0x378</load_address>
         <run_address>0x378</run_address>
         <size>0x70</size>
         <input_file_ref idref="fl-f"/>
      </object_component>
      <object_component id="oc-a3">
         <name>.debug_aranges</name>
         <load_address>0x3e8</load_address>
         <run_address>0x3e8</run_address>
         <size>0x20</size>
         <input_file_ref idref="fl-10"/>
      </object_component>
      <object_component id="oc-a8">
         <name>.debug_aranges</name>
         <load_address>0x408</load_address>
         <run_address>0x408</run_address>
         <size>0x58</size>
         <input_file_ref idref="fl-11"/>
      </object_component>
      <object_component id="oc-ae">
         <name>.debug_aranges</name>
         <load_address>0x460</load_address>
         <run_address>0x460</run_address>
         <size>0x28</size>
         <input_file_ref idref="fl-12"/>
      </object_component>
      <object_component id="oc-b3">
         <name>.debug_aranges</name>
         <load_address>0x488</load_address>
         <run_address>0x488</run_address>
         <size>0x50</size>
         <input_file_ref idref="fl-13"/>
      </object_component>
      <object_component id="oc-bb">
         <name>.debug_aranges</name>
         <load_address>0x4d8</load_address>
         <run_address>0x4d8</run_address>
         <size>0x38</size>
         <input_file_ref idref="fl-14"/>
      </object_component>
      <object_component id="oc-c4">
         <name>.debug_aranges</name>
         <load_address>0x510</load_address>
         <run_address>0x510</run_address>
         <size>0x18</size>
         <input_file_ref idref="fl-16"/>
      </object_component>
      <object_component id="oc-c9">
         <name>.debug_aranges</name>
         <load_address>0x528</load_address>
         <run_address>0x528</run_address>
         <size>0x40</size>
         <input_file_ref idref="fl-17"/>
      </object_component>
      <object_component id="oc-d1">
         <name>.debug_aranges</name>
         <load_address>0x568</load_address>
         <run_address>0x568</run_address>
         <size>0x28</size>
         <input_file_ref idref="fl-18"/>
      </object_component>
      <object_component id="oc-d7">
         <name>.debug_aranges</name>
         <load_address>0x590</load_address>
         <run_address>0x590</run_address>
         <size>0x20</size>
         <input_file_ref idref="fl-23"/>
      </object_component>
      <object_component id="oc-de">
         <name>.debug_aranges</name>
         <load_address>0x5b0</load_address>
         <run_address>0x5b0</run_address>
         <size>0x28</size>
         <input_file_ref idref="fl-24"/>
      </object_component>
      <object_component id="oc-e3">
         <name>.debug_aranges</name>
         <load_address>0x5d8</load_address>
         <run_address>0x5d8</run_address>
         <size>0x20</size>
         <input_file_ref idref="fl-25"/>
      </object_component>
      <object_component id="oc-e8">
         <name>.debug_aranges</name>
         <load_address>0x5f8</load_address>
         <run_address>0x5f8</run_address>
         <size>0x20</size>
         <input_file_ref idref="fl-26"/>
      </object_component>
      <object_component id="oc-ed">
         <name>.debug_aranges</name>
         <load_address>0x618</load_address>
         <run_address>0x618</run_address>
         <size>0x20</size>
         <input_file_ref idref="fl-27"/>
      </object_component>
      <object_component id="oc-f2">
         <name>.debug_aranges</name>
         <load_address>0x638</load_address>
         <run_address>0x638</run_address>
         <size>0x20</size>
         <input_file_ref idref="fl-28"/>
      </object_component>
      <object_component id="oc-f7">
         <name>.debug_aranges</name>
         <load_address>0x658</load_address>
         <run_address>0x658</run_address>
         <size>0x20</size>
         <input_file_ref idref="fl-29"/>
      </object_component>
      <object_component id="oc-fc">
         <name>.debug_aranges</name>
         <load_address>0x678</load_address>
         <run_address>0x678</run_address>
         <size>0x20</size>
         <input_file_ref idref="fl-2a"/>
      </object_component>
      <object_component id="oc-101">
         <name>.debug_aranges</name>
         <load_address>0x698</load_address>
         <run_address>0x698</run_address>
         <size>0x28</size>
         <input_file_ref idref="fl-2b"/>
      </object_component>
      <object_component id="oc-106">
         <name>.debug_aranges</name>
         <load_address>0x6c0</load_address>
         <run_address>0x6c0</run_address>
         <size>0x20</size>
         <input_file_ref idref="fl-2c"/>
      </object_component>
      <object_component id="oc-10b">
         <name>.debug_aranges</name>
         <load_address>0x6e0</load_address>
         <run_address>0x6e0</run_address>
         <size>0x30</size>
         <input_file_ref idref="fl-2d"/>
      </object_component>
      <object_component id="oc-110">
         <name>.debug_aranges</name>
         <load_address>0x710</load_address>
         <run_address>0x710</run_address>
         <size>0x20</size>
         <input_file_ref idref="fl-2e"/>
      </object_component>
   </object_component_list>
   <logical_group_list>
      <logical_group id="lg-3" display="no" color="cyan">
         <name>PieVectTableFile</name>
         <run_address>0xd00</run_address>
         <size>0x100</size>
         <contents>
            <object_component_ref idref="oc-7e"/>
         </contents>
      </logical_group>
      <logical_group id="lg-5" display="no" color="cyan">
         <name>EmuKeyVar</name>
         <run_address>0xd00</run_address>
         <size>0x1</size>
         <contents>
            <object_component_ref idref="oc-5e"/>
         </contents>
      </logical_group>
      <logical_group id="lg-6" display="no" color="cyan">
         <name>EmuBModeVar</name>
         <run_address>0xd01</run_address>
         <size>0x1</size>
         <contents>
            <object_component_ref idref="oc-60"/>
         </contents>
      </logical_group>
      <logical_group id="lg-7" display="no" color="cyan">
         <name>FlashCallbackVar</name>
         <run_address>0xd02</run_address>
         <size>0x2</size>
         <contents>
            <object_component_ref idref="oc-62"/>
         </contents>
      </logical_group>
      <logical_group id="lg-8" display="no" color="cyan">
         <name>FlashScalingVar</name>
         <run_address>0xd04</run_address>
         <size>0x2</size>
         <contents>
            <object_component_ref idref="oc-61"/>
         </contents>
      </logical_group>
      <logical_group id="lg-4" display="no" color="cyan">
         <name>GROUP_2</name>
         <run_address>0xd00</run_address>
         <size>0x6</size>
         <contents>
            <logical_group_ref idref="lg-5"/>
            <logical_group_ref idref="lg-6"/>
            <logical_group_ref idref="lg-7"/>
            <logical_group_ref idref="lg-8"/>
         </contents>
      </logical_group>
      <overlay id="lg-2" display="no" color="cyan">
         <name>UNION_1</name>
         <run_address>0xd00</run_address>
         <size>0x100</size>
         <contents>
            <logical_group_ref idref="lg-3"/>
            <logical_group_ref idref="lg-4"/>
         </contents>
      </overlay>
      <logical_group id="lg-9" display="no" color="cyan">
         <name>DevEmuRegsFile</name>
         <run_address>0x880</run_address>
         <size>0x4</size>
         <contents>
            <object_component_ref idref="oc-64"/>
         </contents>
      </logical_group>
      <logical_group id="lg-a" display="no" color="cyan">
         <name>SysPwrCtrlRegsFile</name>
         <run_address>0x985</run_address>
         <size>0x3</size>
         <contents>
            <object_component_ref idref="oc-63"/>
         </contents>
      </logical_group>
      <logical_group id="lg-b" display="no" color="cyan">
         <name>FlashRegsFile</name>
         <run_address>0xa80</run_address>
         <size>0x8</size>
         <contents>
            <object_component_ref idref="oc-65"/>
         </contents>
      </logical_group>
      <logical_group id="lg-c" display="no" color="cyan">
         <name>CsmRegsFile</name>
         <run_address>0xae0</run_address>
         <size>0x10</size>
         <contents>
            <object_component_ref idref="oc-6e"/>
         </contents>
      </logical_group>
      <logical_group id="lg-d" display="no" color="cyan">
         <name>AdcResultFile</name>
         <run_address>0xb00</run_address>
         <size>0x20</size>
         <contents>
            <object_component_ref idref="oc-76"/>
         </contents>
      </logical_group>
      <logical_group id="lg-e" display="no" color="cyan">
         <name>CpuTimer0RegsFile</name>
         <run_address>0xc00</run_address>
         <size>0x8</size>
         <contents>
            <object_component_ref idref="oc-66"/>
         </contents>
      </logical_group>
      <logical_group id="lg-f" display="no" color="cyan">
         <name>CpuTimer1RegsFile</name>
         <run_address>0xc08</run_address>
         <size>0x8</size>
         <contents>
            <object_component_ref idref="oc-67"/>
         </contents>
      </logical_group>
      <logical_group id="lg-10" display="no" color="cyan">
         <name>CpuTimer2RegsFile</name>
         <run_address>0xc10</run_address>
         <size>0x8</size>
         <contents>
            <object_component_ref idref="oc-68"/>
         </contents>
      </logical_group>
      <logical_group id="lg-11" display="no" color="cyan">
         <name>PieCtrlRegsFile</name>
         <run_address>0xce0</run_address>
         <size>0x1a</size>
         <contents>
            <object_component_ref idref="oc-72"/>
         </contents>
      </logical_group>
      <logical_group id="lg-12" display="no" color="cyan">
         <name>ECap1RegsFile</name>
         <run_address>0x6a00</run_address>
         <size>0x20</size>
         <contents>
            <object_component_ref idref="oc-75"/>
         </contents>
      </logical_group>
      <logical_group id="lg-13" display="no" color="cyan">
         <name>GpioCtrlRegsFile</name>
         <run_address>0x6f80</run_address>
         <size>0x40</size>
         <contents>
            <object_component_ref idref="oc-7c"/>
         </contents>
      </logical_group>
      <logical_group id="lg-14" display="no" color="cyan">
         <name>GpioDataRegsFile</name>
         <run_address>0x6fc0</run_address>
         <size>0x20</size>
         <contents>
            <object_component_ref idref="oc-74"/>
         </contents>
      </logical_group>
      <logical_group id="lg-15" display="no" color="cyan">
         <name>GpioIntRegsFile</name>
         <run_address>0x6fe0</run_address>
         <size>0xa</size>
         <contents>
            <object_component_ref idref="oc-6a"/>
         </contents>
      </logical_group>
      <logical_group id="lg-16" display="no" color="cyan">
         <name>SysCtrlRegsFile</name>
         <run_address>0x7010</run_address>
         <size>0x1f</size>
         <contents>
            <object_component_ref idref="oc-73"/>
         </contents>
      </logical_group>
      <logical_group id="lg-17" display="no" color="cyan">
         <name>SpiaRegsFile</name>
         <run_address>0x7040</run_address>
         <size>0x10</size>
         <contents>
            <object_component_ref idref="oc-6b"/>
         </contents>
      </logical_group>
      <logical_group id="lg-18" display="no" color="cyan">
         <name>SciaRegsFile</name>
         <run_address>0x7050</run_address>
         <size>0x10</size>
         <contents>
            <object_component_ref idref="oc-6c"/>
         </contents>
      </logical_group>
      <logical_group id="lg-19" display="no" color="cyan">
         <name>NmiIntruptRegsFile</name>
         <run_address>0x7060</run_address>
         <size>0x10</size>
         <contents>
            <object_component_ref idref="oc-6d"/>
         </contents>
      </logical_group>
      <logical_group id="lg-1a" display="no" color="cyan">
         <name>XIntruptRegsFile</name>
         <run_address>0x7070</run_address>
         <size>0x10</size>
         <contents>
            <object_component_ref idref="oc-6f"/>
         </contents>
      </logical_group>
      <logical_group id="lg-1b" display="no" color="cyan">
         <name>AdcRegsFile</name>
         <run_address>0x7100</run_address>
         <size>0x51</size>
         <contents>
            <object_component_ref idref="oc-7d"/>
         </contents>
      </logical_group>
      <logical_group id="lg-1c" display="no" color="cyan">
         <name>I2caRegsFile</name>
         <run_address>0x7900</run_address>
         <size>0x22</size>
         <contents>
            <object_component_ref idref="oc-77"/>
         </contents>
      </logical_group>
      <logical_group id="lg-1d" display="no" color="cyan">
         <name>Comp1RegsFile</name>
         <run_address>0x6400</run_address>
         <size>0x11</size>
         <contents>
            <object_component_ref idref="oc-71"/>
         </contents>
      </logical_group>
      <logical_group id="lg-1e" display="no" color="cyan">
         <name>Comp2RegsFile</name>
         <run_address>0x6420</run_address>
         <size>0x11</size>
         <contents>
            <object_component_ref idref="oc-70"/>
         </contents>
      </logical_group>
      <logical_group id="lg-1f" display="no" color="cyan">
         <name>EPwm1RegsFile</name>
         <run_address>0x6800</run_address>
         <size>0x40</size>
[...]
      </symbol>
      <symbol id="sm-1c8">
         <name>_InitEPwm2Gpio</name>
         <value>0x3f0c2d</value>
         <object_component_ref idref="oc-11b"/>
      </symbol>
      <symbol id="sm-1c9">
         <name>_InitEPwm1Gpio</name>
         <value>0x3f0c1b</value>
         <object_component_ref idref="oc-11b"/>
      </symbol>
      <symbol id="sm-1ca">
         <name>_InitEPwmGpio</name>
         <value>0x3f0c12</value>
         <object_component_ref idref="oc-11b"/>
      </symbol>
      <symbol id="sm-1cb">
         <name>_InitEPwm4Gpio</name>
         <value>0x3f0c53</value>
         <object_component_ref idref="oc-11b"/>
      </symbol>
      <symbol id="sm-1cc">
         <name>_InitEPwmSyncGpio</name>
         <value>0x3f0c67</value>
         <object_component_ref idref="oc-11b"/>
      </symbol>
      <symbol id="sm-1cd">
         <name>_InitEPwm</name>
         <value>0x3f0c11</value>
         <object_component_ref idref="oc-11b"/>
      </symbol>
      <symbol id="sm-216">
         <name>_GpioCtrlRegs</name>
         <value>0x6f80</value>
         <object_component_ref idref="oc-7c"/>
      </symbol>
      <symbol id="sm-217">
         <name>_PieVectTable</name>
         <value>0xd00</value>
         <object_component_ref idref="oc-7e"/>
      </symbol>
      <symbol id="sm-218">
         <name>_SysPwrCtrlRegs</name>
         <value>0x985</value>
         <object_component_ref idref="oc-63"/>
      </symbol>
      <symbol id="sm-219">
         <name>_EmuBMode</name>
         <value>0xd01</value>
         <object_component_ref idref="oc-60"/>
      </symbol>
      <symbol id="sm-21a">
         <name>_CsmRegs</name>
         <value>0xae0</value>
         <object_component_ref idref="oc-6e"/>
      </symbol>
      <symbol id="sm-21b">
         <name>_AdcResult</name>
         <value>0xb00</value>
         <object_component_ref idref="oc-76"/>
      </symbol>
      <symbol id="sm-21c">
         <name>_EPwm4Regs</name>
         <value>0x68c0</value>
         <object_component_ref idref="oc-7a"/>
      </symbol>
      <symbol id="sm-21d">
         <name>_CpuTimer1Regs</name>
         <value>0xc08</value>
         <object_component_ref idref="oc-67"/>
      </symbol>
      <symbol id="sm-21e">
         <name>_SysCtrlRegs</name>
         <value>0x7010</value>
         <object_component_ref idref="oc-73"/>
      </symbol>
      <symbol id="sm-21f">
         <name>_SpiaRegs</name>
         <value>0x7040</value>
         <object_component_ref idref="oc-6b"/>
      </symbol>
      <symbol id="sm-220">
         <name>_FlashRegs</name>
         <value>0xa80</value>
         <object_component_ref idref="oc-65"/>
      </symbol>
      <symbol id="sm-221">
         <name>_CpuTimer0Regs</name>
         <value>0xc00</value>
         <object_component_ref idref="oc-66"/>
      </symbol>
      <symbol id="sm-222">
         <name>_DevEmuRegs</name>
         <value>0x880</value>
         <object_component_ref idref="oc-64"/>
      </symbol>
      <symbol id="sm-223">
         <name>_Comp1Regs</name>
         <value>0x6400</value>
         <object_component_ref idref="oc-71"/>
      </symbol>
      <symbol id="sm-224">
         <name>_SciaRegs</name>
         <value>0x7050</value>
         <object_component_ref idref="oc-6c"/>
      </symbol>
      <symbol id="sm-225">
         <name>_GpioDataRegs</name>
         <value>0x6fc0</value>
         <object_component_ref idref="oc-74"/>
      </symbol>
      <symbol id="sm-226">
         <name>_CsmPwl</name>
         <value>0x3f7ff8</value>
         <object_component_ref idref="oc-69"/>
      </symbol>
      <symbol id="sm-227">
         <name>_AdcRegs</name>
         <value>0x7100</value>
         <object_component_ref idref="oc-7d"/>
      </symbol>
      <symbol id="sm-228">
         <name>_Comp2Regs</name>
         <value>0x6420</value>
         <object_component_ref idref="oc-70"/>
      </symbol>
      <symbol id="sm-229">
         <name>_XIntruptRegs</name>
         <value>0x7070</value>
         <object_component_ref idref="oc-6f"/>
      </symbol>
      <symbol id="sm-22a">
         <name>_CpuTimer2Regs</name>
         <value>0xc10</value>
         <object_component_ref idref="oc-68"/>
      </symbol>
      <symbol id="sm-22b">
         <name>_PieCtrlRegs</name>
         <value>0xce0</value>
         <object_component_ref idref="oc-72"/>
      </symbol>
      <symbol id="sm-22c">
         <name>_ECap1Regs</name>
         <value>0x6a00</value>
         <object_component_ref idref="oc-75"/>
      </symbol>
      <symbol id="sm-22d">
         <name>_EmuKey</name>
         <value>0xd00</value>
         <object_component_ref idref="oc-5e"/>
      </symbol>
      <symbol id="sm-22e">
         <name>_EPwm1Regs</name>
         <value>0x6800</value>
         <object_component_ref idref="oc-7b"/>
      </symbol>
      <symbol id="sm-22f">
         <name>_GpioIntRegs</name>
         <value>0x6fe0</value>
         <object_component_ref idref="oc-6a"/>
      </symbol>
      <symbol id="sm-230">
         <name>_PartIdRegs</name>
         <value>0x3d7fff</value>
         <object_component_ref idref="oc-5f"/>
      </symbol>
      <symbol id="sm-231">
         <name>_Flash_CPUScaleFactor</name>
         <value>0xd04</value>
         <object_component_ref idref="oc-61"/>
      </symbol>
      <symbol id="sm-232">
         <name>_EPwm2Regs</name>
         <value>0x6840</value>
         <object_component_ref idref="oc-79"/>
      </symbol>
      <symbol id="sm-233">
         <name>_NmiIntruptRegs</name>
         <value>0x7060</value>
         <object_component_ref idref="oc-6d"/>
      </symbol>
      <symbol id="sm-234">
         <name>_Flash_CallbackPtr</name>
         <value>0xd02</value>
         <object_component_ref idref="oc-62"/>
      </symbol>
      <symbol id="sm-235">
         <name>_EPwm3Regs</name>
         <value>0x6880</value>
         <object_component_ref idref="oc-78"/>
      </symbol>
      <symbol id="sm-236">
         <name>_I2caRegs</name>
         <value>0x7900</value>
         <object_component_ref idref="oc-77"/>
      </symbol>
      <symbol id="sm-243">
         <name>_InitI2C</name>
         <value>0x3f1052</value>
         <object_component_ref idref="oc-11d"/>
      </symbol>
      <symbol id="sm-244">
         <name>_InitI2CGpio</name>
         <value>0x3f1053</value>
         <object_component_ref idref="oc-11d"/>
      </symbol>
      <symbol id="sm-253">
         <name>_MemCopy</name>
         <value>0x3f1080</value>
         <object_component_ref idref="oc-119"/>
      </symbol>
      <symbol id="sm-260">
         <name>_InitPieCtrl</name>
         <value>0x3f0f55</value>
         <object_component_ref idref="oc-117"/>
      </symbol>
      <symbol id="sm-261">
         <name>_EnableInterrupts</name>
         <value>0x3f0f74</value>
         <object_component_ref idref="oc-117"/>
      </symbol>
      <symbol id="sm-272">
         <name>_PieVectTableInit</name>
         <value>0x3f10d2</value>
         <object_component_ref idref="oc-90"/>
      </symbol>
      <symbol id="sm-273">
         <name>_InitPieVectTable</name>
         <value>0x3f0f7d</value>
         <object_component_ref idref="oc-118"/>
      </symbol>
      <symbol id="sm-280">
         <name>_InitSciaGpio</name>
         <value>0x3f0ff0</value>
         <object_component_ref idref="oc-125"/>
      </symbol>
      <symbol id="sm-281">
         <name>_InitSciGpio</name>
         <value>0x3f0fed</value>
         <object_component_ref idref="oc-125"/>
      </symbol>
      <symbol id="sm-282">
         <name>_InitSci</name>
         <value>0x3f0fec</value>
         <object_component_ref idref="oc-125"/>
      </symbol>
      <symbol id="sm-29a">
         <name>_InitPll</name>
         <value>0x3f07cc</value>
         <object_component_ref idref="oc-116"/>
      </symbol>
      <symbol id="sm-29b">
         <name>_IntOsc1Sel</name>
         <value>0x3f0884</value>
         <object_component_ref idref="oc-116"/>
      </symbol>
      <symbol id="sm-29c">
         <name>_ExtOscSel</name>
         <value>0x3f08ba</value>
         <object_component_ref idref="oc-116"/>
      </symbol>
      <symbol id="sm-29d">
         <name>_DisableDog</name>
         <value>0x3f07c4</value>
         <object_component_ref idref="oc-116"/>
      </symbol>
      <symbol id="sm-29e">
         <name>_InitPeripheralClocks</name>
         <value>0x3f0821</value>
         <object_component_ref idref="oc-116"/>
      </symbol>
      <symbol id="sm-29f">
         <name>_IntOsc2Sel</name>
         <value>0x3f0894</value>
         <object_component_ref idref="oc-116"/>
      </symbol>
      <symbol id="sm-2a0">
         <name>_InitFlash</name>
         <value>0x8000</value>
         <object_component_ref idref="oc-11a"/>
      </symbol>
      <symbol id="sm-2a1">
         <name>_CsmUnlock</name>
         <value>0x3f0853</value>
         <object_component_ref idref="oc-116"/>
      </symbol>
      <symbol id="sm-2a2">
         <name>_ServiceDog</name>
         <value>0x3f07ba</value>
         <object_component_ref idref="oc-116"/>
      </symbol>
      <symbol id="sm-2a3">
         <name>_XtalOscSel</name>
         <value>0x3f08a6</value>
         <object_component_ref idref="oc-116"/>
      </symbol>
      <symbol id="sm-2a4">
         <name>_InitSysCtrl</name>
         <value>0x3f07a0</value>
         <object_component_ref idref="oc-116"/>
      </symbol>
      <symbol id="sm-2b0">
         <name>_DSP28x_usDelay</name>
         <value>0x801b</value>
         <object_component_ref idref="oc-9f"/>
      </symbol>
      <symbol id="sm-2bd">
         <name>_HRPWM4_SetDuty</name>
         <value>0x3f078d</value>
         <object_component_ref idref="oc-122"/>
      </symbol>
      <symbol id="sm-2be">
         <name>_HRPWM3_Config</name>
         <value>0x3f06cf</value>
         <object_component_ref idref="oc-122"/>
      </symbol>
      <symbol id="sm-2bf">
         <name>_HRPWM2_SetDuty</name>
         <value>0x3f0767</value>
         <object_component_ref idref="oc-122"/>
      </symbol>
      <symbol id="sm-2c0">
         <name>_HRPWM1_Config</name>
         <value>0x3f0637</value>
         <object_component_ref idref="oc-122"/>
      </symbol>
      <symbol id="sm-2c1">
         <name>_HRPWM4_Config</name>
         <value>0x3f0710</value>
         <object_component_ref idref="oc-122"/>
      </symbol>
      <symbol id="sm-2c2">
         <name>_HRPWM1_SetDuty</name>
         <value>0x3f0754</value>
         <object_component_ref idref="oc-122"/>
      </symbol>
      <symbol id="sm-2c3">
         <name>_HRPWM2_Config</name>
         <value>0x3f0681</value>
         <object_component_ref idref="oc-122"/>
      </symbol>
      <symbol id="sm-2c4">
         <name>_HRPWM3_SetDuty</name>
         <value>0x3f077a</value>
         <object_component_ref idref="oc-122"/>
      </symbol>
      <symbol id="sm-2d6">
         <name>_xint3_isr</name>
         <value>0x3f0e7a</value>
         <object_component_ref idref="oc-aa"/>
      </symbol>
      <symbol id="sm-2d7">
         <name>_XInt_init</name>
         <value>0x3f0f03</value>
         <object_component_ref idref="oc-120"/>
      </symbol>
      <symbol id="sm-2eb">
         <name>_printNumber</name>
         <value>0x3f0bcf</value>
         <object_component_ref idref="oc-11c"/>
      </symbol>
      <symbol id="sm-2ec">
         <name>_printString</name>
         <value>0x3f0bbc</value>
         <object_component_ref idref="oc-11c"/>
      </symbol>
      <symbol id="sm-2ed">
         <name>_scia_init</name>
         <value>0x3f0ba9</value>
         <object_component_ref idref="oc-11c"/>
      </symbol>
      <symbol id="sm-2ee">
         <name>_scia_echoback_init</name>
         <value>0x3f0b8f</value>
         <object_component_ref idref="oc-11c"/>
      </symbol>
      <symbol id="sm-2ef">
         <name>_scia_xmit</name>
         <value>0x3f0bb0</value>
         <object_component_ref idref="oc-11c"/>
      </symbol>
      <symbol id="sm-2f0">
         <name>_printInfo</name>
         <value>0x3f0bfd</value>
         <object_component_ref idref="oc-11c"/>
      </symbol>
      <symbol id="sm-2f1">
         <name>_scia_fifo_init</name>
         <value>0x3f0ba1</value>
         <object_component_ref idref="oc-11c"/>
      </symbol>
      <symbol id="sm-30a">
         <name>_adc_ccd_result</name>
         <value>0x8940</value>
         <object_component_ref idref="oc-b6"/>
      </symbol>
      <symbol id="sm-30b">
         <name>_cpu_timer2_isr</name>
         <value>0x3f0b00</value>
         <object_component_ref idref="oc-b7"/>
      </symbol>
      <symbol id="sm-30c">
         <name>_adc_ccd_result2</name>
         <value>0x8840</value>
         <object_component_ref idref="oc-b6"/>
      </symbol>
      <symbol id="sm-30d">
         <name>_cpu_timer1_isr</name>
         <value>0x3f0af5</value>
         <object_component_ref idref="oc-b7"/>
      </symbol>
      <symbol id="sm-30e">
         <name>_cpu_timer0_isr</name>
         <value>0x3f0a82</value>
         <object_component_ref idref="oc-b7"/>
      </symbol>
      <symbol id="sm-30f">
         <name>_pic2</name>
         <value>0x89c0</value>
         <object_component_ref idref="oc-b6"/>
      </symbol>
      <symbol id="sm-310">
         <name>_Timer_init</name>
         <value>0x3f0e29</value>
         <object_component_ref idref="oc-11f"/>
      </symbol>
      <symbol id="sm-311">
         <name>_pic</name>
         <value>0x88c0</value>
         <object_component_ref idref="oc-b6"/>
      </symbol>
      <symbol id="sm-312">
         <name>_i</name>
         <value>0x8801</value>
         <object_component_ref idref="oc-b6"/>
      </symbol>
      <symbol id="sm-313">
         <name>_count</name>
         <value>0x8800</value>
         <object_component_ref idref="oc-b6"/>
      </symbol>
      <symbol id="sm-31f">
         <name>_current_motion</name>
         <value>0x8ac1</value>
         <object_component_ref idref="oc-be"/>
      </symbol>
      <symbol id="sm-320">
         <name>_pre_motion</name>
         <value>0x8ac0</value>
         <object_component_ref idref="oc-be"/>
      </symbol>
      <symbol id="sm-321">
         <name>_msg</name>
         <value>0x8ac2</value>
         <object_component_ref idref="oc-be"/>
      </symbol>
      <symbol id="sm-342">
         <name>_i2cWrite</name>
         <value>0x3f0a73</value>
         <object_component_ref idref="oc-11e"/>
      </symbol>
      <symbol id="sm-343">
         <name>_I2CA_ReadData</name>
         <value>0x3f0a40</value>
         <object_component_ref idref="oc-11e"/>
      </symbol>
      <symbol id="sm-344">
         <name>_I2CA_WriteData</name>
         <value>0x3f0a16</value>
         <object_component_ref idref="oc-11e"/>
      </symbol>
      <symbol id="sm-345">
         <name>_i2cRead</name>
         <value>0x3f0a7b</value>
         <object_component_ref idref="oc-11e"/>
      </symbol>
      <symbol id="sm-346">
         <name>_I2CA_Init</name>
         <value>0x3f09cf</value>
         <object_component_ref idref="oc-11e"/>
      </symbol>
      <symbol id="sm-359">
         <name>_adc_isr</name>
         <value>0x3f1095</value>
         <object_component_ref idref="oc-cd"/>
      </symbol>
      <symbol id="sm-35a">
         <name>_Adc_init</name>
         <value>0x3f0dd6</value>
         <object_component_ref idref="oc-121"/>
      </symbol>
      <symbol id="sm-35b">
         <name>_temp</name>
         <value>0x8a3c</value>
         <object_component_ref idref="oc-cc"/>
      </symbol>
      <symbol id="sm-35c">
         <name>_temp2</name>
         <value>0x8a3d</value>
         <object_component_ref idref="oc-cc"/>
      </symbol>
      <symbol id="sm-377">
         <name>_c_int00</name>
         <value>0x3f0ebf</value>
         <object_component_ref idref="oc-36"/>
      </symbol>
      <symbol id="sm-378">
         <name>__stack</name>
         <value>0x50</value>
         <object_component_ref idref="oc-d2"/>
      </symbol>
      <symbol id="sm-38c">
         <name>C$$EXIT</name>
         <value>0x3f1039</value>
         <object_component_ref idref="oc-112"/>
      </symbol>
      <symbol id="sm-38d">
         <name>_exit</name>
         <value>0x3f103b</value>
         <object_component_ref idref="oc-112"/>
      </symbol>
      <symbol id="sm-38e">
         <name>___TI_cleanup_ptr</name>
         <value>0x8a38</value>
         <object_component_ref idref="oc-da"/>
      </symbol>
      <symbol id="sm-38f">
         <name>_abort</name>
         <value>0x3f1039</value>
         <object_component_ref idref="oc-112"/>
      </symbol>
      <symbol id="sm-390">
         <name>___TI_dtors_ptr</name>
         <value>0x8a3a</value>
         <object_component_ref idref="oc-da"/>
      </symbol>
      <symbol id="sm-3aa">
         <name>FS$$ADD</name>
         <value>0x3f0c97</value>
         <object_component_ref idref="oc-df"/>
      </symbol>
      <symbol id="sm-3ab">
         <name>FS$$SUB</name>
         <value>0x3f0c92</value>
         <object_component_ref idref="oc-df"/>
      </symbol>
      <symbol id="sm-3bd">
         <name>FS$$CMP</name>
         <value>0x3f1069</value>
         <object_component_ref idref="oc-e4"/>
      </symbol>
      <symbol id="sm-3ce">
         <name>FS$$DIV</name>
         <value>0x3f0b0c</value>
         <object_component_ref idref="oc-e9"/>
      </symbol>
      <symbol id="sm-3df">
         <name>FS$$MPY</name>
         <value>0x3f0d7c</value>
         <object_component_ref idref="oc-ee"/>
      </symbol>
      <symbol id="sm-3f0">
         <name>FS$$TOI</name>
         <value>0x3f0fa5</value>
         <object_component_ref idref="oc-f3"/>
      </symbol>
      <symbol id="sm-403">
         <name>FS$$TOL</name>
         <value>0x3f0f2c</value>
         <object_component_ref idref="oc-f8"/>
      </symbol>
      <symbol id="sm-411">
         <name>I$$MOD</name>
         <value>0x3f0fdb</value>
         <object_component_ref idref="oc-fd"/>
      </symbol>
      <symbol id="sm-412">
         <name>I$$DIV</name>
         <value>0x3f0fca</value>
         <object_component_ref idref="oc-fd"/>
      </symbol>
      <symbol id="sm-421">
         <name>I$$TOFS</name>
         <value>0x3f1006</value>
         <object_component_ref idref="oc-102"/>
      </symbol>
      <symbol id="sm-436">
         <name>__unlock</name>
         <value>0x8abc</value>
         <object_component_ref idref="oc-128"/>
      </symbol>
      <symbol id="sm-437">
         <name>__lock</name>
         <value>0x8a3e</value>
         <object_component_ref idref="oc-114"/>
      </symbol>
      <symbol id="sm-438">
         <name>__register_lock</name>
         <value>0x3f10a6</value>
         <object_component_ref idref="oc-123"/>
      </symbol>
      <symbol id="sm-439">
         <name>__nop</name>
         <value>0x3f10aa</value>
         <object_component_ref idref="oc-123"/>
      </symbol>
      <symbol id="sm-43a">
         <name>__register_unlock</name>
         <value>0x3f10a2</value>
         <object_component_ref idref="oc-123"/>
      </symbol>
      <symbol id="sm-44a">
         <name>__args_main</name>
         <value>0x3f1020</value>
         <object_component_ref idref="oc-111"/>
      </symbol>
   </symbol_table>
   <title>Link successful</title>
</link_info>
